<html>
<body>
<pre>
<h1>µVision Build Log</h1>
<h2>Tool Versions:</h2>
IDE-Version: µVision V5.25.2.0
Copyright (C) 2018 ARM Ltd and ARM Germany GmbH. All rights reserved.
License Information: Cagin Baris, --, LIC=----
 
Tool Versions:
Toolchain:       MDK-Lite  Version: 5.25.2.0
Toolchain Path:  C:\Keil_v5\ARM\ARMCC\Bin
C Compiler:      Armcc.exe V5.06 update 6 (build 750)
Assembler:       Armasm.exe V5.06 update 6 (build 750)
Linker/Locator:  ArmLink.exe V5.06 update 6 (build 750)
Library Manager: ArmAr.exe V5.06 update 6 (build 750)
Hex Converter:   FromElf.exe V5.06 update 6 (build 750)
CPU DLL:         SARMCM3.DLL V5.25.2.0
Dialog DLL:      DCM.DLL V1.17.1.0
Target DLL:      ULP2CM3.DLL V2.209.20.0
Dialog DLL:      TCM.DLL V1.35.1.0
 
<h2>Project:</h2>
C:\Users\ReV\Desktop\Dropbox\energy analyzer archives\ea_project\MDK-ARM\v4ea.uvprojx
Project File Date:  04/29/2018

<h2>Output:</h2>
*** Using Compiler 'V5.06 update 6 (build 750)', folder: 'C:\Keil_v5\ARM\ARMCC\Bin'
Build target 'v4ea'
assembling startup_stm32f373xc.s...
compiling LCD_data.c...
compiling LCD_fonts.c...
compiling prefilter.c...
prefilter.h(21): warning:  #1-D: last line of file ends without a newline
  #endif
prefilter.c(23): warning:  #1-D: last line of file ends without a newline
  //cau check for filter cutoff for offset cancellation
prefilter.c: 2 warnings, 0 errors
compiling adc.c...
compiling stm32f3xx_hal_msp.c...
compiling stm32f3xx_it.c...
compiling LCD_routines.c...
compiling converison.c...
prefilter.h(21): warning:  #1-D: last line of file ends without a newline
  #endif
converison.c: 1 warning, 0 errors
compiling main.c...
..\header_files\menu_definitions.h(192): warning:  #1295-D: Deprecated declaration toMainDetect - give arg types
  void toMainDetect();
..\header_files\menu_definitions.h(193): warning:  #1295-D: Deprecated declaration atMainOperation - give arg types
  void atMainOperation();
..\header_files\menu_definitions.h(195): warning:  #1295-D: Deprecated declaration init_Menu - give arg types
  void init_Menu();
..\header_files\menu_definitions.h(196): warning:  #1295-D: Deprecated declaration DISPLAY_MENU - give arg types
  void DISPLAY_MENU();
../Src/main.c: 4 warnings, 0 errors
compiling tim.c...
compiling usart.c...
compiling gpio.c...
compiling sdadc.c...
compiling rtc.c...
compiling dma.c...
compiling spi.c...
compiling stm32f3xx_hal.c...
compiling stm32f3xx_hal_i2c_ex.c...
compiling stm32f3xx_hal_uart_ex.c...
compiling stm32f3xx_hal_cortex.c...
compiling stm32f3xx_hal_uart.c...
compiling stm32f3xx_hal_adc_ex.c...
compiling stm32f3xx_hal_spi.c...
compiling stm32f3xx_hal_pwr_ex.c...
compiling stm32f3xx_hal_flash.c...
compiling stm32f3xx_hal_dma.c...
compiling stm32f3xx_hal_tim_ex.c...
compiling stm32f3xx_hal_rtc_ex.c...
compiling stm32f3xx_hal_adc.c...
compiling stm32f3xx_hal_i2c.c...
compiling stm32f3xx_hal_rcc.c...
compiling stm32f3xx_hal_gpio.c...
compiling stm32f3xx_hal_pwr.c...
compiling stm32f3xx_hal_rcc_ex.c...
compiling stm32f3xx_hal_spi_ex.c...
compiling stm32f3xx_hal_rtc.c...
compiling stm32f3xx_hal_sdadc.c...
compiling Menu_data.c...
..\header_files\menu_definitions.h(192): warning:  #1295-D: Deprecated declaration toMainDetect - give arg types
  void toMainDetect();
..\header_files\menu_definitions.h(193): warning:  #1295-D: Deprecated declaration atMainOperation - give arg types
  void atMainOperation();
..\header_files\menu_definitions.h(195): warning:  #1295-D: Deprecated declaration init_Menu - give arg types
  void init_Menu();
..\header_files\menu_definitions.h(196): warning:  #1295-D: Deprecated declaration DISPLAY_MENU - give arg types
  void DISPLAY_MENU();
Menu_data.c: 4 warnings, 0 errors
compiling system_stm32f3xx.c...
compiling stm32f3xx_hal_flash_ex.c...
compiling Menu_routines.c...
..\header_files\menu_definitions.h(192): warning:  #1295-D: Deprecated declaration toMainDetect - give arg types
  void toMainDetect();
..\header_files\menu_definitions.h(193): warning:  #1295-D: Deprecated declaration atMainOperation - give arg types
  void atMainOperation();
..\header_files\menu_definitions.h(195): warning:  #1295-D: Deprecated declaration init_Menu - give arg types
  void init_Menu();
..\header_files\menu_definitions.h(196): warning:  #1295-D: Deprecated declaration DISPLAY_MENU - give arg types
  void DISPLAY_MENU();
..\header_files\ch_format.h(24): warning:  #1-D: last line of file ends without a newline
  #endif
..\header_files\measurement_definitions.h(35): warning:  #1-D: last line of file ends without a newline
  #endif
Menu_routines.c(12): warning:  #177-D: variable "transferred"  was declared but never referenced
  	int32_t transferred;
Menu_routines.c(35): warning:  #177-D: variable "lcd_row1"  was declared but never referenced
  	struct digit_format lcd_row1={0},lcd_row2={0},lcd_row3={0};
Menu_routines.c(35): warning:  #177-D: variable "lcd_row2"  was declared but never referenced
  	struct digit_format lcd_row1={0},lcd_row2={0},lcd_row3={0};
Menu_routines.c(35): warning:  #177-D: variable "lcd_row3"  was declared but never referenced
  	struct digit_format lcd_row1={0},lcd_row2={0},lcd_row3={0};
Menu_routines.c(36): warning:  #177-D: variable "fp"  was declared but never referenced
  	float *fp;
Menu_routines.c(38): warning:  #177-D: variable "page"  was declared but never referenced
  	uint8_t page,column; 
Menu_routines.c(38): warning:  #177-D: variable "column"  was declared but never referenced
  	uint8_t page,column; 
Menu_routines.c(105): warning:  #177-D: variable "i"  was declared but never referenced
  	uint8_t i;
Menu_routines.c(106): warning:  #177-D: variable "column"  was declared but never referenced
  	uint8_t column=1;
Menu_routines.c(107): warning:  #177-D: variable "page"  was declared but never referenced
  	uint8_t page=0;
Menu_routines.c(215): warning:  #177-D: variable "i"  was declared but never referenced
  	uint8_t i;
Menu_routines.c(216): warning:  #177-D: variable "column"  was declared but never referenced
  	uint8_t column;
Menu_routines.c(257): warning:  #188-D: enumerated type mixed with another type
  	cursor=main_menu_entry-1;
Menu_routines.c(284): warning:  #188-D: enumerated type mixed with another type
  	cursor=cursor%last_menu;
Menu_routines.c(286): warning:  #188-D: enumerated type mixed with another type
  	main_lines.row1=&main_menu_entries[cursor++][20];cursor=cursor%last_menu;
Menu_routines.c(287): warning:  #188-D: enumerated type mixed with another type
  	main_lines.row2=&main_menu_entries[cursor++][20];cursor=cursor%last_menu;
Menu_routines.c(288): warning:  #188-D: enumerated type mixed with another type
  	main_lines.row3=&main_menu_entries[cursor++][20];cursor=cursor%last_menu;
Menu_routines.c(289): warning:  #188-D: enumerated type mixed with another type
  	main_lines.row4=&main_menu_entries[cursor++][20];cursor=cursor%last_menu;
Menu_routines.c(290): warning:  #188-D: enumerated type mixed with another type
  	main_lines.row5=&main_menu_entries[cursor++][20];cursor=cursor%last_menu;
Menu_routines.c(291): warning:  #188-D: enumerated type mixed with another type
  	main_lines.row6=&main_menu_entries[cursor++][20];cursor=cursor%last_menu;
Menu_routines.c: 26 warnings, 0 errors
compiling Menu_init.c...
..\header_files\menu_definitions.h(192): warning:  #1295-D: Deprecated declaration toMainDetect - give arg types
  void toMainDetect();
..\header_files\menu_definitions.h(193): warning:  #1295-D: Deprecated declaration atMainOperation - give arg types
  void atMainOperation();
..\header_files\menu_definitions.h(195): warning:  #1295-D: Deprecated declaration init_Menu - give arg types
  void init_Menu();
..\header_files\menu_definitions.h(196): warning:  #1295-D: Deprecated declaration DISPLAY_MENU - give arg types
  void DISPLAY_MENU();
..\header_files\measurement_definitions.h(35): warning:  #1-D: last line of file ends without a newline
  #endif
Menu_init.c(39): warning:  #188-D: enumerated type mixed with another type
  	/*no data for main*/{0},
Menu_init.c(40): warning:  #188-D: enumerated type mixed with another type
  	/*no data for main*/{0},
Menu_init.c(41): warning:  #188-D: enumerated type mixed with another type
  	/*no data for main*/{0},
Menu_init.c(42): warning:  #188-D: enumerated type mixed with another type
  	/*no data for main*/{0},
Menu_init.c(43): warning:  #188-D: enumerated type mixed with another type
  	/*symbols*/			{menu_enter,0,0,menu_down,menu_up},
Menu_init.c(43): warning:  #188-D: enumerated type mixed with another type
  	/*symbols*/			{menu_enter,0,0,menu_down,menu_up},
Menu_init.c(44): warning:  #188-D: enumerated type mixed with another type
  	/*no data for main*/{0},
Menu_init.c(59): warning:  #188-D: enumerated type mixed with another type
  	/*symbols*/			{menu_escape,0,menu_right,menu_down,0},
Menu_init.c(59): warning:  #188-D: enumerated type mixed with another type
  	/*symbols*/			{menu_escape,0,menu_right,menu_down,0},
Menu_init.c(79): warning:  #188-D: enumerated type mixed with another type
  	/*symbols*/			{menu_escape,menu_left,0,menu_down,0},
Menu_init.c(79): warning:  #188-D: enumerated type mixed with another type
  	/*symbols*/			{menu_escape,menu_left,0,menu_down,0},
Menu_init.c(99): warning:  #188-D: enumerated type mixed with another type
  	/*symbols*/			{menu_escape,0,menu_right,menu_down,menu_up},
Menu_init.c(118): warning:  #188-D: enumerated type mixed with another type
  	/*symbols*/			{menu_escape,menu_left,0,menu_down,menu_up},
Menu_init.c(138): warning:  #188-D: enumerated type mixed with another type
  	/*symbols*/			{menu_escape,0,menu_right,menu_down,menu_up},
Menu_init.c(157): warning:  #188-D: enumerated type mixed with another type
  	/*symbols*/			{menu_escape,menu_left,0,menu_down,menu_up},
Menu_init.c(176): warning:  #188-D: enumerated type mixed with another type
  	/*symbols*/			{menu_escape,menu_left,0,menu_down,menu_up},
Menu_init.c(195): warning:  #188-D: enumerated type mixed with another type
  	/*symbols*/			{menu_escape,menu_left,0,menu_down,menu_up},
Menu_init.c(214): warning:  #188-D: enumerated type mixed with another type
  	/*symbols*/			{menu_escape,menu_left,0,menu_down,menu_up},
Menu_init.c: 23 warnings, 0 errors
compiling measurement_data.c...
..\header_files\measurement_definitions.h(35): warning:  #1-D: last line of file ends without a newline
  #endif
measurement_data.c(4): warning:  #1-D: last line of file ends without a newline
  union RMS rms={5911,321442,41,6111,6,7,5,3};
measurement_data.c: 2 warnings, 0 errors
compiling aux_functions.c...
..\header_files\aux_functions.h(10): warning:  #1-D: last line of file ends without a newline
  #endif
aux_functions.c: 1 warning, 0 errors
compiling measurement_functions.c...
compiling pb_handling.c...
..\header_files\menu_definitions.h(192): warning:  #1295-D: Deprecated declaration toMainDetect - give arg types
  void toMainDetect();
..\header_files\menu_definitions.h(193): warning:  #1295-D: Deprecated declaration atMainOperation - give arg types
  void atMainOperation();
..\header_files\menu_definitions.h(195): warning:  #1295-D: Deprecated declaration init_Menu - give arg types
  void init_Menu();
..\header_files\menu_definitions.h(196): warning:  #1295-D: Deprecated declaration DISPLAY_MENU - give arg types
  void DISPLAY_MENU();
..\header_files\aux_functions.h(10): warning:  #1-D: last line of file ends without a newline
  #endif
pb_handling.c: 5 warnings, 0 errors
compiling stm32f3xx_hal_tim.c...
linking...
Program Size: Code=28534 RO-data=910 RW-data=816 ZI-data=4456  
"v4ea\v4ea.axf" - 0 Error(s), 68 Warning(s).

<h2>Software Packages used:</h2>

Package Vendor: ARM
                http://www.keil.com/pack/ARM.CMSIS.5.3.0.pack
                ARM.CMSIS.5.3.0
                CMSIS (Cortex Microcontroller Software Interface Standard)
   * Component: CORE Version: 5.1.1
   * Component: DSP Version: 1.5.2

Package Vendor: Keil
                http://www.keil.com/pack/Keil.STM32F3xx_DFP.2.1.0.pack
                Keil.STM32F3xx_DFP.2.1.0
                STMicroelectronics STM32F3 Series Device Support and Examples

<h2>Collection of Component include folders:</h2>
  .\RTE\_v4ea
  C:\Keil_v5\ARM\PACK\ARM\CMSIS\5.3.0\CMSIS\Include
  C:\Keil_v5\ARM\PACK\Keil\STM32F3xx_DFP\2.1.0\Drivers\CMSIS\Device\ST\STM32F3xx\Include

<h2>Collection of Component Files used:</h2>

   * Component: ARM::CMSIS:CORE:5.1.1

   * Component: ARM::CMSIS:DSP:1.5.2
      Include file:  CMSIS\Include\arm_math.h
      Library file:  CMSIS\Lib\ARM\arm_cortexM4lf_math.lib
Build Time Elapsed:  00:00:15
</pre>
</body>
</html>
