<html>
<body>
<pre>
<h1>µVision Build Log</h1>
<h2>Tool Versions:</h2>
IDE-Version: µVision V5.20.0.0
Copyright (C) 2016 ARM Ltd and ARM Germany GmbH. All rights reserved.
License Information: Viva Microsoft, Microsoft, LIC=Z3CWF-6XZZ3-22CL4-F73X0-EEBB1-P4HPS
 
Tool Versions:
Toolchain:       MDK-ARM Professional  Version: 5.20
Toolchain Path:  C:\Keil_v5\ARM\ARMCC\Bin
C Compiler:      Armcc.exe V5.06 update 2 (build 183)
Assembler:       Armasm.exe V5.06 update 2 (build 183)
Linker/Locator:  ArmLink.exe V5.06 update 2 (build 183)
Library Manager: ArmAr.exe V5.06 update 2 (build 183)
Hex Converter:   FromElf.exe V5.06 update 2 (build 183)
CPU DLL:         SARMCM3.DLL V5.20
Dialog DLL:      DCM.DLL V1.13.7.0
Target DLL:      ULP2CM3.DLL V2.203.29.0
Dialog DLL:      TCM.DLL V1.14.9.0
 
<h2>Project:</h2>
C:\Users\Viva\Dropbox\energy analyzer archives\ea_project\MDK-ARM\v4ea.uvprojx
Project File Date:  01/05/2019

<h2>Output:</h2>
*** Using Compiler 'V5.06 update 2 (build 183)', folder: 'C:\Keil_v5\ARM\ARMCC\Bin'
Build target 'v4ea'
compiling Menu_routines.c...
Menu_routines.c(278): warning:  #188-D: enumerated type mixed with another type
  	if(lcd_row1.int100!=0											)		{	digit_transfer_14pt(lcd_row1.int100,page,column);}
Menu_routines.c(279): warning:  #188-D: enumerated type mixed with another type
  	if(lcd_row1.int100!=0 || lcd_row1.int10!=0	)	{ digit_transfer_14pt(lcd_row1.int10,page,column+
igit_width_14pt);}
Menu_routines.c(280): warning:  #188-D: enumerated type mixed with another type
  																									digit_transfer_14pt(lcd_row1.int1,page,column+2*
igit_width_14pt);
Menu_routines.c(282): warning:  #188-D: enumerated type mixed with another type
  																									digit_transfer_14pt(lcd_row1.fraction,page,column+(3*
igit_width_14pt+5)); 
Menu_routines.c(292): warning:  #188-D: enumerated type mixed with another type
  	if(lcd_row2.int100!=0											){	digit_transfer_14pt(lcd_row2.int100,page,column);}
Menu_routines.c(293): warning:  #188-D: enumerated type mixed with another type
  	if(lcd_row2.int100!=0 || lcd_row2.int10!=0){ 	digit_transfer_14pt(lcd_row2.int10,page,column+
igit_width_14pt);}
Menu_routines.c(294): warning:  #188-D: enumerated type mixed with another type
  																								digit_transfer_14pt(lcd_row2.int1,page,column+2*
igit_width_14pt);
Menu_routines.c(296): warning:  #188-D: enumerated type mixed with another type
  																								digit_transfer_14pt(lcd_row2.fraction,page,column+(3*
igit_width_14pt+5)); 
Menu_routines.c(307): warning:  #188-D: enumerated type mixed with another type
  	if(lcd_row3.int100!=0											)		{	digit_transfer_14pt(lcd_row3.int100,page,column);}
Menu_routines.c(308): warning:  #188-D: enumerated type mixed with another type
  	if(lcd_row3.int100!=0 || lcd_row3.int10!=0	)	{ digit_transfer_14pt(lcd_row3.int10,page,column+
igit_width_14pt);}
Menu_routines.c(309): warning:  #188-D: enumerated type mixed with another type
  																								digit_transfer_14pt(lcd_row3.int1,page,column+2*
igit_width_14pt);
Menu_routines.c(311): warning:  #188-D: enumerated type mixed with another type
  																								digit_transfer_14pt(lcd_row3.fraction,page,column+(3*
igit_width_14pt+5)); 
Menu_routines.c(350): warning:  #188-D: enumerated type mixed with another type
  	if(lcd_row1.int100!=0											)		{	digit_transfer_14pt(lcd_row1.int100,page,column);}
Menu_routines.c(351): warning:  #188-D: enumerated type mixed with another type
  	if(lcd_row1.int100!=0 || lcd_row1.int10!=0	)	{ digit_transfer_14pt(lcd_row1.int10,page,column+
igit_width_14pt);}
Menu_routines.c(352): warning:  #188-D: enumerated type mixed with another type
  																									digit_transfer_14pt(lcd_row1.int1,page,column+2*
igit_width_14pt);
Menu_routines.c(354): warning:  #188-D: enumerated type mixed with another type
  																									digit_transfer_14pt(lcd_row1.fraction,page,column+(3*
igit_width_14pt+5)); // 5 for dot space
Menu_routines.c(364): warning:  #188-D: enumerated type mixed with another type
  	if(lcd_row2.int100!=0											){	digit_transfer_14pt(lcd_row2.int100,page,column);}
Menu_routines.c(365): warning:  #188-D: enumerated type mixed with another type
  	if(lcd_row2.int100!=0 || lcd_row2.int10!=0){ 	digit_transfer_14pt(lcd_row2.int10,page,column+
igit_width_14pt);}
Menu_routines.c(366): warning:  #188-D: enumerated type mixed with another type
  																								digit_transfer_14pt(lcd_row2.int1,page,column+2*
igit_width_14pt);
Menu_routines.c(368): warning:  #188-D: enumerated type mixed with another type
  																								digit_transfer_14pt(lcd_row2.fraction,page,column+(3*
igit_width_14pt+5)); //5 for dot space
Menu_routines.c(379): warning:  #188-D: enumerated type mixed with another type
  	if(lcd_row3.int100!=0											)		{	digit_transfer_14pt(lcd_row3.int100,page,column);}
Menu_routines.c(380): warning:  #188-D: enumerated type mixed with another type
  	if(lcd_row3.int100!=0 || lcd_row3.int10!=0	)	{ digit_transfer_14pt(lcd_row3.int10,page,column+
igit_width_14pt);}
Menu_routines.c(381): warning:  #188-D: enumerated type mixed with another type
  																								digit_transfer_14pt(lcd_row3.int1,page,column+2*
igit_width_14pt);
Menu_routines.c(383): warning:  #188-D: enumerated type mixed with another type
  																								digit_transfer_14pt(lcd_row3.fraction,page,column+(3*
igit_width_14pt+5)); // 5 for dot space
Menu_routines.c(606): warning:  #188-D: enumerated type mixed with another type
  	if(lcd_row2.int100!=0											){	digit_transfer_14pt(lcd_row2.int100,page,column);}
Menu_routines.c(607): warning:  #188-D: enumerated type mixed with another type
  	if(lcd_row2.int100!=0 || lcd_row2.int10!=0){ 	digit_transfer_14pt(lcd_row2.int10,page,column+
igit_width_14pt);}
Menu_routines.c(608): warning:  #188-D: enumerated type mixed with another type
  																								digit_transfer_14pt(lcd_row2.int1,page,column+2*
igit_width_14pt);
Menu_routines.c(610): warning:  #188-D: enumerated type mixed with another type
  																								digit_transfer_14pt(lcd_row2.fraction,page,column+(3*
igit_width_14pt+5)); // 5 for dot space
Menu_routines.c(863): warning:  #188-D: enumerated type mixed with another type
  	current_entry=main_menu_entry-1+last_menu_entry; 
Menu_routines.c(960): warning:  #188-D: enumerated type mixed with another type
  	current_entry=setting_menu_entry-1+last_menu_entry; 
Menu_routines.c(1150): warning:  #188-D: enumerated type mixed with another type
  	static enum digit_codes_14pt vt_digit_p[6]={0};
Menu_routines.c(1151): warning:  #188-D: enumerated type mixed with another type
    static enum digit_codes_14pt vt_digit_s[6]={0};
Menu_routines.c(1192): warning:  #188-D: enumerated type mixed with another type
  		vt_digit_p[5]=flashData2LCD(flash.data.vt_primer,1);
Menu_routines.c(1193): warning:  #188-D: enumerated type mixed with another type
  		vt_digit_p[4]=flashData2LCD(flash.data.vt_primer,2);
Menu_routines.c(1194): warning:  #188-D: enumerated type mixed with another type
  		vt_digit_p[3]=flashData2LCD(flash.data.vt_primer,3);
Menu_routines.c(1195): warning:  #188-D: enumerated type mixed with another type
  		vt_digit_p[2]=flashData2LCD(flash.data.vt_primer,4);
Menu_routines.c(1196): warning:  #188-D: enumerated type mixed with another type
  		vt_digit_p[1]=flashData2LCD(flash.data.vt_primer,5);
Menu_routines.c(1197): warning:  #188-D: enumerated type mixed with another type
  		vt_digit_p[0]=flashData2LCD(flash.data.vt_primer,6);
Menu_routines.c(1201): warning:  #188-D: enumerated type mixed with another type
  		vt_digit_s[5]=flashData2LCD(flash.data.vt_seconder,1);
Menu_routines.c(1202): warning:  #188-D: enumerated type mixed with another type
  		vt_digit_s[4]=flashData2LCD(flash.data.vt_seconder,2);
Menu_routines.c(1203): warning:  #188-D: enumerated type mixed with another type
  		vt_digit_s[3]=flashData2LCD(flash.data.vt_seconder,3);
Menu_routines.c(1204): warning:  #188-D: enumerated type mixed with another type
  		vt_digit_s[2]=flashData2LCD(flash.data.vt_seconder,4);
Menu_routines.c(1205): warning:  #188-D: enumerated type mixed with another type
  		vt_digit_s[1]=flashData2LCD(flash.data.vt_seconder,5);
Menu_routines.c(1206): warning:  #188-D: enumerated type mixed with another type
  		vt_digit_s[0]=flashData2LCD(flash.data.vt_seconder,6);
Menu_routines.c(1380): warning:  #188-D: enumerated type mixed with another type
  	static enum digit_codes_14pt ct_digit_p[5]={0};
Menu_routines.c(1381): warning:  #188-D: enumerated type mixed with another type
  	static enum digit_codes_14pt ct_digit_s[5]={0};
Menu_routines.c(1382): warning:  #188-D: enumerated type mixed with another type
  	static enum digit_codes_14pt ct_digit_phase[2]={0};
Menu_routines.c(1386): warning:  #68-D: integer conversion resulted in a change of sign
  	static uint8_t sel=-1;//primary/secondary selection
Menu_routines.c(1471): warning:  #188-D: enumerated type mixed with another type
  		ct_digit_p[4]=flashData2LCD(flash.data.ct_primer,1);
Menu_routines.c(1472): warning:  #188-D: enumerated type mixed with another type
  		ct_digit_p[3]=flashData2LCD(flash.data.ct_primer,2);
Menu_routines.c(1473): warning:  #188-D: enumerated type mixed with another type
  		ct_digit_p[2]=flashData2LCD(flash.data.ct_primer,3);
Menu_routines.c(1474): warning:  #188-D: enumerated type mixed with another type
  		ct_digit_p[1]=flashData2LCD(flash.data.ct_primer,4);
Menu_routines.c(1475): warning:  #188-D: enumerated type mixed with another type
  		ct_digit_p[0]=flashData2LCD(flash.data.ct_primer,5);
Menu_routines.c(1478): warning:  #188-D: enumerated type mixed with another type
  		ct_digit_s[4]=flashData2LCD(flash.data.ct_seconder,1);
Menu_routines.c(1479): warning:  #188-D: enumerated type mixed with another type
  		ct_digit_s[3]=flashData2LCD(flash.data.ct_seconder,2);
Menu_routines.c(1480): warning:  #188-D: enumerated type mixed with another type
  		ct_digit_s[2]=flashData2LCD(flash.data.ct_seconder,3);
Menu_routines.c(1481): warning:  #188-D: enumerated type mixed with another type
  		ct_digit_s[1]=flashData2LCD(flash.data.ct_seconder,4);
Menu_routines.c(1482): warning:  #188-D: enumerated type mixed with another type
  		ct_digit_s[0]=flashData2LCD(flash.data.ct_seconder,5);
Menu_routines.c(1485): warning:  #188-D: enumerated type mixed with another type
  		ct_digit_phase[1]=flashData2LCD(flash.data.ct_phase_shift,1);
Menu_routines.c(1486): warning:  #188-D: enumerated type mixed with another type
  		ct_digit_phase[0]=flashData2LCD(flash.data.ct_phase_shift,2);
Menu_routines.c(1583): warning:  #188-D: enumerated type mixed with another type
  	if(ct_digit_phase[0]>1){ct_digit_phase[0]=1;};
Menu_routines.c(1592): warning:  #188-D: enumerated type mixed with another type
  	if(ct_digit_phase[0]>1){ct_digit_phase[0]=1;};
Menu_routines.c(1748): warning:  #68-D: integer conversion resulted in a change of sign
  	static uint8_t sel=-1;//primary/secondary selection
Menu_routines.c(1752): warning:  #177-D: variable "i" was declared but never referenced
  	uint8_t i;
Menu_routines.c(2031): warning:  #188-D: enumerated type mixed with another type
  	static enum digit_codes_14pt pulsePeriodVal[3]={0};
Menu_routines.c(2032): warning:  #188-D: enumerated type mixed with another type
  	static enum digit_codes_14pt pulseFactorVal[3]={0};
Menu_routines.c(2048): warning:  #68-D: integer conversion resulted in a change of sign
  	static uint8_t sel=-1;//primary/secondary selection
Menu_routines.c(2174): warning:  #188-D: enumerated type mixed with another type
  			pulsePeriodVal[2]=flashData2LCD(flash.data.outputPulsePeriod,1);
Menu_routines.c(2175): warning:  #188-D: enumerated type mixed with another type
  			pulsePeriodVal[1]=flashData2LCD(flash.data.outputPulsePeriod,2);
Menu_routines.c(2176): warning:  #188-D: enumerated type mixed with another type
  			pulsePeriodVal[0]=flashData2LCD(flash.data.outputPulsePeriod,3);
Menu_routines.c(2179): warning:  #188-D: enumerated type mixed with another type
  			pulseFactor[2]=flashData2LCD(flash.data.outputPulseIncFactor,1);
Menu_routines.c(2180): warning:  #188-D: enumerated type mixed with another type
  			pulseFactor[1]=flashData2LCD(flash.data.outputPulseIncFactor,2);
Menu_routines.c(2181): warning:  #188-D: enumerated type mixed with another type
  			pulseFactor[0]=flashData2LCD(flash.data.outputPulseIncFactor,3);
Menu_routines.c(2046): warning:  #550-D: variable "rotation" was set but never used
  	static uint8_t rotation=0;
Menu_routines.c(2054): warning:  #177-D: variable "page" was declared but never referenced
  	uint8_t column,page;
Menu_routines.c: 75 warnings, 0 errors
linking...
Program Size: Code=52156 RO-data=3216 RW-data=3408 ZI-data=11700  
"v4ea\v4ea.axf" - 0 Error(s), 75 Warning(s).

<h2>Collection of Component include folders:</h2>
  C:\Users\Viva\Dropbox\energy analyzer archives\ea_project\MDK-ARM\RTE
  C:\Keil_v5\ARM\PACK\Keil\STM32F3xx_DFP\1.3.0\Device\Include

<h2>Collection of Component Files used:</h2>
Build Time Elapsed:  00:00:02
</pre>
</body>
</html>
