Component: ARM Compiler 5.06 update 2 (build 183) Tool: armlink [4d35b7]

==============================================================================

Section Cross References

    startup_stm32f373xc.o(RESET) refers to startup_stm32f373xc.o(STACK) for __initial_sp
    startup_stm32f373xc.o(RESET) refers to startup_stm32f373xc.o(.text) for Reset_Handler
    startup_stm32f373xc.o(RESET) refers to stm32f3xx_it.o(i.NMI_Handler) for NMI_Handler
    startup_stm32f373xc.o(RESET) refers to stm32f3xx_it.o(i.HardFault_Handler) for HardFault_Handler
    startup_stm32f373xc.o(RESET) refers to stm32f3xx_it.o(i.MemManage_Handler) for MemManage_Handler
    startup_stm32f373xc.o(RESET) refers to stm32f3xx_it.o(i.BusFault_Handler) for BusFault_Handler
    startup_stm32f373xc.o(RESET) refers to stm32f3xx_it.o(i.UsageFault_Handler) for UsageFault_Handler
    startup_stm32f373xc.o(RESET) refers to stm32f3xx_it.o(i.SVC_Handler) for SVC_Handler
    startup_stm32f373xc.o(RESET) refers to stm32f3xx_it.o(i.DebugMon_Handler) for DebugMon_Handler
    startup_stm32f373xc.o(RESET) refers to stm32f3xx_it.o(i.PendSV_Handler) for PendSV_Handler
    startup_stm32f373xc.o(RESET) refers to stm32f3xx_it.o(i.SysTick_Handler) for SysTick_Handler
    startup_stm32f373xc.o(RESET) refers to stm32f3xx_it.o(i.DMA1_Channel1_IRQHandler) for DMA1_Channel1_IRQHandler
    startup_stm32f373xc.o(RESET) refers to stm32f3xx_it.o(i.ADC1_IRQHandler) for ADC1_IRQHandler
    startup_stm32f373xc.o(RESET) refers to stm32f3xx_it.o(i.USART3_IRQHandler) for USART3_IRQHandler
    startup_stm32f373xc.o(RESET) refers to stm32f3xx_it.o(i.SDADC1_IRQHandler) for SDADC1_IRQHandler
    startup_stm32f373xc.o(RESET) refers to stm32f3xx_it.o(i.SDADC2_IRQHandler) for SDADC2_IRQHandler
    startup_stm32f373xc.o(RESET) refers to stm32f3xx_it.o(i.SDADC3_IRQHandler) for SDADC3_IRQHandler
    startup_stm32f373xc.o(RESET) refers to stm32f3xx_it.o(i.TIM19_IRQHandler) for TIM19_IRQHandler
    startup_stm32f373xc.o(.text) refers to system_stm32f3xx.o(i.SystemInit) for SystemInit
    startup_stm32f373xc.o(.text) refers to entry.o(.ARM.Collect$$$$00000000) for __main
    converison.o(i.HAL_ADC_ConvCpltCallback) refers to stm32f3xx_hal_gpio.o(i.HAL_GPIO_TogglePin) for HAL_GPIO_TogglePin
    converison.o(i.HAL_ADC_ConvCpltCallback) refers to prefilter.o(i.offset_cancellation) for offset_cancellation
    converison.o(i.HAL_ADC_ConvCpltCallback) refers to phasecompensation.o(i.pDiffer) for pDiffer
    converison.o(i.HAL_ADC_ConvCpltCallback) refers to measurement_routines.o(i.measurement_routines) for measurement_routines
    converison.o(i.HAL_ADC_ConvCpltCallback) refers to ios.o(i.ios) for ios
    converison.o(i.HAL_ADC_ConvCpltCallback) refers to record.o(i.recordEmAll) for recordEmAll
    converison.o(i.HAL_ADC_ConvCpltCallback) refers to converison.o(.data) for .data
    converison.o(i.HAL_ADC_ConvCpltCallback) refers to converison.o(.bss) for .bss
    converison.o(i.HAL_ADC_ConvCpltCallback) refers to prefilter.o(.bss) for oc_buff
    converison.o(i.HAL_ADC_ConvCpltCallback) refers to main.o(.data) for refresh_counter
    converison.o(i.HAL_SDADC_CalibrationCpltCallback) refers to converison.o(.data) for .data
    converison.o(i.HAL_SDADC_InjectedConvCpltCallback) refers to stm32f3xx_hal_sdadc.o(i.HAL_SDADC_InjectedGetValue) for HAL_SDADC_InjectedGetValue
    converison.o(i.HAL_SDADC_InjectedConvCpltCallback) refers to converison.o(.bss) for .bss
    converison.o(i.HAL_SDADC_InjectedConvCpltCallback) refers to converison.o(.data) for .data
    converison.o(i.HAL_SDADC_InjectedConvCpltCallback) refers to sdadc.o(.bss) for hsdadc1
    converison.o(i.init_conversion) refers to stm32f3xx_hal_sdadc.o(i.HAL_SDADC_CalibrationStart_IT) for HAL_SDADC_CalibrationStart_IT
    converison.o(i.init_conversion) refers to stm32f3xx_hal_sdadc.o(i.HAL_SDADC_InjectedStart_IT) for HAL_SDADC_InjectedStart_IT
    converison.o(i.init_conversion) refers to stm32f3xx_hal_adc_ex.o(i.HAL_ADCEx_Calibration_Start) for HAL_ADCEx_Calibration_Start
    converison.o(i.init_conversion) refers to stm32f3xx_hal_adc_ex.o(i.HAL_ADC_Start_DMA) for HAL_ADC_Start_DMA
    converison.o(i.init_conversion) refers to stm32f3xx_hal_tim.o(i.HAL_TIM_OC_Start_IT) for HAL_TIM_OC_Start_IT
    converison.o(i.init_conversion) refers to sdadc.o(.bss) for hsdadc1
    converison.o(i.init_conversion) refers to converison.o(.data) for .data
    converison.o(i.init_conversion) refers to adc.o(.bss) for hadc1
    converison.o(i.init_conversion) refers to converison.o(.bss) for .bss
    converison.o(i.init_conversion) refers to tim.o(.bss) for htim19
    phasecompensation.o(i.pLagDef) refers to cosf.o(i.__hardfp_cosf) for __hardfp_cosf
    phasecompensation.o(i.pLagDef) refers to sqrtf.o(i.__hardfp_sqrtf) for __hardfp_sqrtf
    phasecompensation.o(i.pLagDef) refers to sinf.o(i.__hardfp_sinf) for __hardfp_sinf
    lcd_routines.o(i.clearColumns) refers to lcd_data.o(.bss) for display_buffer
[...]
    HAL_ADC_Init                             0x08000ec9   Thumb Code   482  stm32f3xx_hal_adc_ex.o(i.HAL_ADC_Init)
    HAL_ADC_LevelOutOfWindowCallback         0x080010f5   Thumb Code     2  stm32f3xx_hal_adc.o(i.HAL_ADC_LevelOutOfWindowCallback)
    HAL_ADC_MspInit                          0x080010f9   Thumb Code   144  adc.o(i.HAL_ADC_MspInit)
    HAL_ADC_Start_DMA                        0x080011ad   Thumb Code   212  stm32f3xx_hal_adc_ex.o(i.HAL_ADC_Start_DMA)
    HAL_DMA_Abort_IT                         0x080012c9   Thumb Code    76  stm32f3xx_hal_dma.o(i.HAL_DMA_Abort_IT)
    HAL_DMA_IRQHandler                       0x08001315   Thumb Code   204  stm32f3xx_hal_dma.o(i.HAL_DMA_IRQHandler)
    HAL_DMA_Init                             0x080013e1   Thumb Code   364  stm32f3xx_hal_dma.o(i.HAL_DMA_Init)
    HAL_DMA_Start_IT                         0x080015c9   Thumb Code   178  stm32f3xx_hal_dma.o(i.HAL_DMA_Start_IT)
    HAL_Delay                                0x080016b5   Thumb Code    30  stm32f3xx_hal.o(i.HAL_Delay)
    HAL_FLASHEx_Erase                        0x080016d5   Thumb Code   344  stm32f3xx_hal_flash_ex.o(i.HAL_FLASHEx_Erase)
    HAL_FLASH_Lock                           0x08001885   Thumb Code    14  stm32f3xx_hal_flash.o(i.HAL_FLASH_Lock)
    HAL_FLASH_Program                        0x08001899   Thumb Code   200  stm32f3xx_hal_flash.o(i.HAL_FLASH_Program)
    HAL_FLASH_Unlock                         0x080019b5   Thumb Code    26  stm32f3xx_hal_flash.o(i.HAL_FLASH_Unlock)
    HAL_GPIO_Init                            0x080019dd   Thumb Code   690  stm32f3xx_hal_gpio.o(i.HAL_GPIO_Init)
    HAL_GPIO_ReadPin                         0x08001cf5   Thumb Code    28  stm32f3xx_hal_gpio.o(i.HAL_GPIO_ReadPin)
    HAL_GPIO_TogglePin                       0x08001d4d   Thumb Code    26  stm32f3xx_hal_gpio.o(i.HAL_GPIO_TogglePin)
    HAL_GPIO_WritePin                        0x08001da5   Thumb Code    46  stm32f3xx_hal_gpio.o(i.HAL_GPIO_WritePin)
    HAL_GetTick                              0x08001e11   Thumb Code     6  stm32f3xx_hal.o(i.HAL_GetTick)
    HAL_IncTick                              0x08001e1d   Thumb Code    10  stm32f3xx_hal.o(i.HAL_IncTick)
    HAL_Init                                 0x08001e2d   Thumb Code    32  stm32f3xx_hal.o(i.HAL_Init)
    HAL_InitTick                             0x08001e51   Thumb Code    34  stm32f3xx_hal.o(i.HAL_InitTick)
    HAL_MspInit                              0x08001e79   Thumb Code   106  stm32f3xx_hal_msp.o(i.HAL_MspInit)
    HAL_NVIC_EnableIRQ                       0x08001ee9   Thumb Code    38  stm32f3xx_hal_cortex.o(i.HAL_NVIC_EnableIRQ)
    HAL_NVIC_SetPriority                     0x08001f4d   Thumb Code   114  stm32f3xx_hal_cortex.o(i.HAL_NVIC_SetPriority)
    HAL_NVIC_SetPriorityGrouping             0x08002001   Thumb Code    60  stm32f3xx_hal_cortex.o(i.HAL_NVIC_SetPriorityGrouping)
    HAL_PWREx_EnableSDADC                    0x0800207d   Thumb Code    56  stm32f3xx_hal_pwr_ex.o(i.HAL_PWREx_EnableSDADC)
    HAL_PWR_EnableBkUpAccess                 0x080020f9   Thumb Code    12  stm32f3xx_hal_pwr.o(i.HAL_PWR_EnableBkUpAccess)
    HAL_RCCEx_PeriphCLKConfig                0x08002109   Thumb Code   850  stm32f3xx_hal_rcc_ex.o(i.HAL_RCCEx_PeriphCLKConfig)
    HAL_RCC_ClockConfig                      0x080024a5   Thumb Code   772  stm32f3xx_hal_rcc.o(i.HAL_RCC_ClockConfig)
    HAL_RCC_GetHCLKFreq                      0x08002801   Thumb Code     6  stm32f3xx_hal_rcc.o(i.HAL_RCC_GetHCLKFreq)
    HAL_RCC_GetPCLK1Freq                     0x0800280d   Thumb Code    34  stm32f3xx_hal_rcc.o(i.HAL_RCC_GetPCLK1Freq)
    HAL_RCC_GetPCLK2Freq                     0x0800283d   Thumb Code    34  stm32f3xx_hal_rcc.o(i.HAL_RCC_GetPCLK2Freq)
    HAL_RCC_GetSysClockFreq                  0x0800286d   Thumb Code    98  stm32f3xx_hal_rcc.o(i.HAL_RCC_GetSysClockFreq)
    HAL_RCC_OscConfig                        0x080028e5   Thumb Code  1856  stm32f3xx_hal_rcc.o(i.HAL_RCC_OscConfig)
    HAL_RS485Ex_Init                         0x08003029   Thumb Code   220  stm32f3xx_hal_uart_ex.o(i.HAL_RS485Ex_Init)
    HAL_RTC_Init                             0x08003141   Thumb Code   408  stm32f3xx_hal_rtc.o(i.HAL_RTC_Init)
    HAL_RTC_MspInit                          0x08003311   Thumb Code    42  rtc.o(i.HAL_RTC_MspInit)
    HAL_SDADC_AssociateChannelConfig         0x0800333d   Thumb Code   238  stm32f3xx_hal_sdadc.o(i.HAL_SDADC_AssociateChannelConfig)
    HAL_SDADC_CalibrationStart_IT            0x0800346d   Thumb Code   158  stm32f3xx_hal_sdadc.o(i.HAL_SDADC_CalibrationStart_IT)
    HAL_SDADC_ConvCpltCallback               0x08003549   Thumb Code     2  stm32f3xx_hal_sdadc.o(i.HAL_SDADC_ConvCpltCallback)
    HAL_SDADC_ErrorCallback                  0x0800354b   Thumb Code     2  stm32f3xx_hal_sdadc.o(i.HAL_SDADC_ErrorCallback)
    HAL_SDADC_IRQHandler                     0x0800354d   Thumb Code   270  stm32f3xx_hal_sdadc.o(i.HAL_SDADC_IRQHandler)
    HAL_SDADC_Init                           0x0800365d   Thumb Code   290  stm32f3xx_hal_sdadc.o(i.HAL_SDADC_Init)
    HAL_SDADC_InjectedConfigChannel          0x080037c1   Thumb Code   182  stm32f3xx_hal_sdadc.o(i.HAL_SDADC_InjectedConfigChannel)
    HAL_SDADC_InjectedGetValue               0x080038b9   Thumb Code    72  stm32f3xx_hal_sdadc.o(i.HAL_SDADC_InjectedGetValue)
    HAL_SDADC_InjectedStart_IT               0x0800393d   Thumb Code    78  stm32f3xx_hal_sdadc.o(i.HAL_SDADC_InjectedStart_IT)
    HAL_SDADC_MspInit                        0x080039c9   Thumb Code   200  sdadc.o(i.HAL_SDADC_MspInit)
    HAL_SDADC_PrepareChannelConfig           0x08003a9d   Thumb Code   276  stm32f3xx_hal_sdadc.o(i.HAL_SDADC_PrepareChannelConfig)
    HAL_SDADC_SelectInjectedDelay            0x08003bed   Thumb Code   130  stm32f3xx_hal_sdadc.o(i.HAL_SDADC_SelectInjectedDelay)
    HAL_SDADC_SelectInjectedExtTrigger       0x08003cad   Thumb Code   202  stm32f3xx_hal_sdadc.o(i.HAL_SDADC_SelectInjectedExtTrigger)
    HAL_SDADC_SelectInjectedTrigger          0x08003db5   Thumb Code   100  stm32f3xx_hal_sdadc.o(i.HAL_SDADC_SelectInjectedTrigger)
    HAL_SPI_GetState                         0x08003e59   Thumb Code     6  stm32f3xx_hal_spi.o(i.HAL_SPI_GetState)
    HAL_SPI_Init                             0x08003e61   Thumb Code   542  stm32f3xx_hal_spi.o(i.HAL_SPI_Init)
    HAL_SPI_MspInit                          0x080040b9   Thumb Code   126  spi.o(i.HAL_SPI_MspInit)
    HAL_SPI_Transmit                         0x08004141   Thumb Code   432  stm32f3xx_hal_spi.o(i.HAL_SPI_Transmit)
    HAL_SYSTICK_CLKSourceConfig              0x08004329   Thumb Code    40  stm32f3xx_hal_cortex.o(i.HAL_SYSTICK_CLKSourceConfig)
    HAL_SYSTICK_Callback                     0x0800438d   Thumb Code     2  stm32f3xx_hal_cortex.o(i.HAL_SYSTICK_Callback)
    HAL_SYSTICK_Config                       0x08004391   Thumb Code    38  stm32f3xx_hal_cortex.o(i.HAL_SYSTICK_Config)
    HAL_SYSTICK_IRQHandler                   0x080043bd   Thumb Code     8  stm32f3xx_hal_cortex.o(i.HAL_SYSTICK_IRQHandler)
    HAL_TIMEx_BreakCallback                  0x080043c5   Thumb Code     2  stm32f3xx_hal_tim_ex.o(i.HAL_TIMEx_BreakCallback)
    HAL_TIMEx_CommutationCallback            0x080043c7   Thumb Code     2  stm32f3xx_hal_tim_ex.o(i.HAL_TIMEx_CommutationCallback)
    HAL_TIMEx_MasterConfigSynchronization    0x080043c9   Thumb Code   242  stm32f3xx_hal_tim_ex.o(i.HAL_TIMEx_MasterConfigSynchronization)
    HAL_TIM_Base_Init                        0x080044f9   Thumb Code   268  stm32f3xx_hal_tim.o(i.HAL_TIM_Base_Init)
    HAL_TIM_Base_MspInit                     0x0800463d   Thumb Code    78  tim.o(i.HAL_TIM_Base_MspInit)
    HAL_TIM_Base_Start                       0x08004691   Thumb Code   178  stm32f3xx_hal_tim.o(i.HAL_TIM_Base_Start)
    HAL_TIM_ConfigClockSource                0x0800477d   Thumb Code  1384  stm32f3xx_hal_tim.o(i.HAL_TIM_ConfigClockSource)
    HAL_TIM_IC_CaptureCallback               0x08004ce5   Thumb Code     2  stm32f3xx_hal_tim.o(i.HAL_TIM_IC_CaptureCallback)
    HAL_TIM_IRQHandler                       0x08004ce7   Thumb Code   364  stm32f3xx_hal_tim.o(i.HAL_TIM_IRQHandler)
    HAL_TIM_OC_ConfigChannel                 0x08004e55   Thumb Code   476  stm32f3xx_hal_tim.o(i.HAL_TIM_OC_ConfigChannel)
    HAL_TIM_OC_DelayElapsedCallback          0x08005089   Thumb Code     2  stm32f3xx_hal_tim.o(i.HAL_TIM_OC_DelayElapsedCallback)
    HAL_TIM_OC_Init                          0x0800508d   Thumb Code   276  stm32f3xx_hal_tim.o(i.HAL_TIM_OC_Init)
    HAL_TIM_OC_MspInit                       0x080051d9   Thumb Code     2  stm32f3xx_hal_tim.o(i.HAL_TIM_OC_MspInit)
    HAL_TIM_OC_Start_IT                      0x080051dd   Thumb Code   334  stm32f3xx_hal_tim.o(i.HAL_TIM_OC_Start_IT)
    HAL_TIM_PWM_ConfigChannel                0x08005371   Thumb Code   602  stm32f3xx_hal_tim.o(i.HAL_TIM_PWM_ConfigChannel)
    HAL_TIM_PWM_Init                         0x08005625   Thumb Code   276  stm32f3xx_hal_tim.o(i.HAL_TIM_PWM_Init)
    HAL_TIM_PWM_MspInit                      0x08005771   Thumb Code    40  tim.o(i.HAL_TIM_PWM_MspInit)
    HAL_TIM_PWM_PulseFinishedCallback        0x0800579d   Thumb Code     2  stm32f3xx_hal_tim.o(i.HAL_TIM_PWM_PulseFinishedCallback)
    HAL_TIM_PWM_Start                        0x080057a1   Thumb Code   298  stm32f3xx_hal_tim.o(i.HAL_TIM_PWM_Start)
    HAL_TIM_PeriodElapsedCallback            0x08005911   Thumb Code     2  stm32f3xx_hal_tim.o(i.HAL_TIM_PeriodElapsedCallback)
    HAL_TIM_TriggerCallback                  0x08005913   Thumb Code     2  stm32f3xx_hal_tim.o(i.HAL_TIM_TriggerCallback)
    HAL_UARTEx_WakeupCallback                0x08005915   Thumb Code     2  stm32f3xx_hal_uart_ex.o(i.HAL_UARTEx_WakeupCallback)
    HAL_UART_ErrorCallback                   0x08005917   Thumb Code     2  stm32f3xx_hal_uart.o(i.HAL_UART_ErrorCallback)
    HAL_UART_IRQHandler                      0x08005919   Thumb Code   472  stm32f3xx_hal_uart.o(i.HAL_UART_IRQHandler)
    HAL_UART_Init                            0x08005af5   Thumb Code   166  stm32f3xx_hal_uart.o(i.HAL_UART_Init)
    HAL_UART_MspInit                         0x08005be5   Thumb Code   140  usart.o(i.HAL_UART_MspInit)
    HAL_UART_Receive_IT                      0x08005c7d   Thumb Code   132  stm32f3xx_hal_uart.o(i.HAL_UART_Receive_IT)
    HAL_UART_RxCpltCallback                  0x08005d01   Thumb Code    54  main.o(i.HAL_UART_RxCpltCallback)
    HAL_UART_Transmit_IT                     0x08005d49   Thumb Code    68  stm32f3xx_hal_uart.o(i.HAL_UART_Transmit_IT)
    HAL_UART_TxCpltCallback                  0x08005d8d   Thumb Code    28  main.o(i.HAL_UART_TxCpltCallback)
    HardFault_Handler                        0x08005dad   Thumb Code     2  stm32f3xx_it.o(i.HardFault_Handler)
    MX_ADC1_Init                             0x08005db1   Thumb Code   196  adc.o(i.MX_ADC1_Init)
    MX_DMA_Init                              0x08005e8d   Thumb Code    40  dma.o(i.MX_DMA_Init)
    MX_GPIO_Init                             0x08005eb9   Thumb Code   310  gpio.o(i.MX_GPIO_Init)
    MX_RTC_Init                              0x08006005   Thumb Code    48  rtc.o(i.MX_RTC_Init)
    MX_SDADC1_Init                           0x0800604d   Thumb Code   186  sdadc.o(i.MX_SDADC1_Init)
    MX_SDADC2_Init                           0x08006125   Thumb Code   158  sdadc.o(i.MX_SDADC2_Init)
    MX_SDADC3_Init                           0x080061e1   Thumb Code   158  sdadc.o(i.MX_SDADC3_Init)
    MX_SPI1_Init                             0x0800629d   Thumb Code    74  spi.o(i.MX_SPI1_Init)
    MX_SPI3_Init                             0x08006301   Thumb Code    74  spi.o(i.MX_SPI3_Init)
    MX_TIM19_Init                            0x08006365   Thumb Code   164  tim.o(i.MX_TIM19_Init)
    MX_TIM3_Init                             0x08006421   Thumb Code    92  tim.o(i.MX_TIM3_Init)
    MX_TIM5_Init                             0x08006495   Thumb Code   154  tim.o(i.MX_TIM5_Init)
    MX_USART1_UART_Init                      0x08006549   Thumb Code    56  usart.o(i.MX_USART1_UART_Init)
    MX_USART3_UART_Init                      0x08006599   Thumb Code    74  usart.o(i.MX_USART3_UART_Init)
    MemManage_Handler                        0x080065fd   Thumb Code     2  stm32f3xx_it.o(i.MemManage_Handler)
    NMI_Handler                              0x080065ff   Thumb Code     2  stm32f3xx_it.o(i.NMI_Handler)
    PendSV_Handler                           0x08006601   Thumb Code     2  stm32f3xx_it.o(i.PendSV_Handler)
    SDADC1_IRQHandler                        0x08006605   Thumb Code     6  stm32f3xx_it.o(i.SDADC1_IRQHandler)
    SDADC2_IRQHandler                        0x08006611   Thumb Code     6  stm32f3xx_it.o(i.SDADC2_IRQHandler)
    SDADC3_IRQHandler                        0x0800661d   Thumb Code     6  stm32f3xx_it.o(i.SDADC3_IRQHandler)
    SELECT_MENU                              0x080066c9   Thumb Code    54  menu_routines.o(i.SELECT_MENU)
    SVC_Handler                              0x0800687f   Thumb Code     2  stm32f3xx_it.o(i.SVC_Handler)
    SysTick_Handler                          0x08006881   Thumb Code   102  stm32f3xx_it.o(i.SysTick_Handler)
    SystemClock_Config                       0x080068fd   Thumb Code   180  main.o(i.SystemClock_Config)
    SystemInit                               0x080069b9   Thumb Code    84  system_stm32f3xx.o(i.SystemInit)
    TIM19_IRQHandler                         0x08006a21   Thumb Code     6  stm32f3xx_it.o(i.TIM19_IRQHandler)
    TIM_Base_SetConfig                       0x08006a2d   Thumb Code   168  stm32f3xx_hal_tim.o(i.TIM_Base_SetConfig)
    TIM_CCxChannelCmd                        0x08006af1   Thumb Code   174  stm32f3xx_hal_tim.o(i.TIM_CCxChannelCmd)
    TIM_OC1_SetConfig                        0x08006bd9   Thumb Code   180  stm32f3xx_hal_tim.o(i.TIM_OC1_SetConfig)
    TIM_OC2_SetConfig                        0x08006cd1   Thumb Code   146  stm32f3xx_hal_tim.o(i.TIM_OC2_SetConfig)
    TIM_OC3_SetConfig                        0x08006d9d   Thumb Code   142  stm32f3xx_hal_tim.o(i.TIM_OC3_SetConfig)
    TIM_OC4_SetConfig                        0x08006e31   Thumb Code   114  stm32f3xx_hal_tim.o(i.TIM_OC4_SetConfig)
    UART_AdvFeatureConfig                    0x08006edd   Thumb Code   488  stm32f3xx_hal_uart.o(i.UART_AdvFeatureConfig)
    UART_CheckIdleState                      0x08007101   Thumb Code    96  stm32f3xx_hal_uart.o(i.UART_CheckIdleState)
    UART_Receive_IT                          0x08007175   Thumb Code   124  stm32f3xx_hal_uart.o(i.UART_Receive_IT)
    UART_SetConfig                           0x080071f1   Thumb Code   672  stm32f3xx_hal_uart.o(i.UART_SetConfig)
    UART_WaitOnFlagUntilTimeout              0x080074dd   Thumb Code   118  stm32f3xx_hal_uart.o(i.UART_WaitOnFlagUntilTimeout)
    USART3_IRQHandler                        0x08007555   Thumb Code     6  stm32f3xx_it.o(i.USART3_IRQHandler)
    UsageFault_Handler                       0x08007561   Thumb Code     2  stm32f3xx_it.o(i.UsageFault_Handler)
    _Error_Handler                           0x08007563   Thumb Code     2  main.o(i._Error_Handler)
    __ARM_common_memclr4_8                   0x08007565   Thumb Code     8  graphing_fuctions.o(i.__ARM_common_memclr4_8)
    __ARM_fpclassifyf                        0x0800756d   Thumb Code    38  fpclassifyf.o(i.__ARM_fpclassifyf)
    __hardfp_atan2f                          0x08007595   Thumb Code   502  atan2f.o(i.__hardfp_atan2f)
    __hardfp_cosf                            0x080077e5   Thumb Code   280  cosf.o(i.__hardfp_cosf)
    __hardfp_sinf                            0x08007935   Thumb Code   344  sinf.o(i.__hardfp_sinf)
    __hardfp_sqrtf                           0x08007ac5   Thumb Code    58  sqrtf.o(i.__hardfp_sqrtf)
    __mathlib_flt_infnan                     0x08007aff   Thumb Code     6  funder.o(i.__mathlib_flt_infnan)
    __mathlib_flt_infnan2                    0x08007b05   Thumb Code     6  funder.o(i.__mathlib_flt_infnan2)
    __mathlib_flt_invalid                    0x08007b0d   Thumb Code    10  funder.o(i.__mathlib_flt_invalid)
    __mathlib_flt_underflow                  0x08007b1d   Thumb Code    10  funder.o(i.__mathlib_flt_underflow)
    __mathlib_rredf2                         0x08007b2d   Thumb Code   316  rredf.o(i.__mathlib_rredf2)
    __scatterload_copy                       0x08007c81   Thumb Code    14  handlers.o(i.__scatterload_copy)
    __scatterload_null                       0x08007c8f   Thumb Code     2  handlers.o(i.__scatterload_null)
    __scatterload_zeroinit                   0x08007c91   Thumb Code    14  handlers.o(i.__scatterload_zeroinit)
    __set_errno                              0x08007ca1   Thumb Code     6  errno.o(i.__set_errno)
    assert_failed                            0x08007cad   Thumb Code     2  main.o(i.assert_failed)
    atMainOperation                          0x08007cb1   Thumb Code   598  menu_routines.o(i.atMainOperation)
    atSettingsOperation                      0x08007f21   Thumb Code   548  menu_routines.o(i.atSettingsOperation)
    clearColumns                             0x0800815d   Thumb Code    60  lcd_routines.o(i.clearColumns)
    digit_transfer_14pt                      0x0800819d   Thumb Code   170  lcd_routines.o(i.digit_transfer_14pt)
    digit_transfer_8pt                       0x08008255   Thumb Code    92  lcd_routines.o(i.digit_transfer_8pt)
    dynamicDataSingle                        0x080082bd   Thumb Code   142  menu_routines.o(i.dynamicDataSingle)
    dynamicDataTripple                       0x0800834b   Thumb Code   490  menu_routines.o(i.dynamicDataTripple)
    dynamicDataTrippleTotalPower             0x08008535   Thumb Code   490  menu_routines.o(i.dynamicDataTrippleTotalPower)
    dynamicData_CT                           0x08008725   Thumb Code   934  menu_routines.o(i.dynamicData_CT)
    dynamicData_VT                           0x08008ae1   Thumb Code   530  menu_routines.o(i.dynamicData_VT)
    dynamicData_comm                         0x08008d09   Thumb Code   646  menu_routines.o(i.dynamicData_comm)
    dynamicData_input                        0x08008fa5   Thumb Code   502  menu_routines.o(i.dynamicData_input)
    dynamicData_output                       0x080091b5   Thumb Code   868  menu_routines.o(i.dynamicData_output)
    dynamicData_reset                        0x0800957d   Thumb Code   166  menu_routines.o(i.dynamicData_reset)
    fallingEdgeDetectionWithOffDelay         0x08009635   Thumb Code    76  aux_functions.o(i.fallingEdgeDetectionWithOffDelay)
    flashData2LCD                            0x08009681   Thumb Code    98  lcd_routines.o(i.flashData2LCD)
    flashRead                                0x080096ed   Thumb Code    62  flashdatahandling.o(i.flashRead)
    flashReadRec                             0x0800973d   Thumb Code    42  flashdatahandling.o(i.flashReadRec)
    flashWrite                               0x08009771   Thumb Code   156  flashdatahandling.o(i.flashWrite)
    formatDynamicData                        0x08009829   Thumb Code   252  menu_routines.o(i.formatDynamicData)
    graphBaseLining                          0x08009951   Thumb Code   310  graphing_fuctions.o(i.graphBaseLining)
    graphDataTransfer                        0x08009a9d   Thumb Code     4  graphing_fuctions.o(i.graphDataTransfer)
    harmonicBaseLine                         0x08009aa1   Thumb Code   234  graphing_fuctions.o(i.harmonicBaseLine)
    harmonicDataTransfer                     0x08009b95   Thumb Code   470  graphing_fuctions.o(i.harmonicDataTransfer)
    hline                                    0x08009d99   Thumb Code   100  graphing_fuctions.o(i.hline)
    i_limiter                                0x08009e01   Thumb Code    22  aux_functions.o(i.i_limiter)
    init_LCD                                 0x08009e19   Thumb Code    48  lcd_routines.o(i.init_LCD)
    init_Menu                                0x08009e59   Thumb Code   692  menu_init.o(i.init_Menu)
    init_backlight                           0x0800a161   Thumb Code    44  lcd_routines.o(i.init_backlight)
    init_flashBackRead                       0x0800a191   Thumb Code    30  flashdatahandling.o(i.init_flashBackRead)
    inputHandling                            0x0800a1b9   Thumb Code   154  ios.o(i.inputHandling)
    ios                                      0x0800a261   Thumb Code    14  ios.o(i.ios)
    letter_transfer_14pt                     0x0800a271   Thumb Code   142  lcd_routines.o(i.letter_transfer_14pt)
    letter_transfer_8pt                      0x0800a30d   Thumb Code    92  lcd_routines.o(i.letter_transfer_8pt)
    line_highlighter                         0x0800a375   Thumb Code    58  lcd_routines.o(i.line_highlighter)
    loading_bar                              0x0800a3b5   Thumb Code    62  menu_routines.o(i.loading_bar)
    main                                     0x0800a3fd   Thumb Code   272  main.o(i.main)
    menu_unit_transfer                       0x0800a549   Thumb Code   170  lcd_routines.o(i.menu_unit_transfer)
    noSave                                   0x0800a601   Thumb Code     2  menu_routines.o(i.noSave)
    notSavedScreen                           0x0800a605   Thumb Code   150  menu_routines.o(i.notSavedScreen)
    off_delay                                0x0800a6b9   Thumb Code    58  aux_functions.o(i.off_delay)
    on_delay                                 0x0800a6f3   Thumb Code    60  aux_functions.o(i.on_delay)
    on_off_delay                             0x0800a72f   Thumb Code    36  aux_functions.o(i.on_off_delay)
    outputHandling                           0x0800a755   Thumb Code   342  ios.o(i.outputHandling)
    plot_data_formatting                     0x0800a8d1   Thumb Code   208  graphing_fuctions.o(i.plot_data_formatting)
    pulseGeneration                          0x0800a9c9   Thumb Code    74  aux_functions.o(i.pulseGeneration)
    pushButtonHandling                       0x0800aa19   Thumb Code   224  pb_handling.o(i.pushButtonHandling)
    put_cursor                               0x0800ab05   Thumb Code    58  lcd_routines.o(i.put_cursor)
    put_dot                                  0x0800ab45   Thumb Code    16  lcd_routines.o(i.put_dot)
    put_dot2x2                               0x0800ab59   Thumb Code    16  lcd_routines.o(i.put_dot2x2)
    put_minus                                0x0800ab6d   Thumb Code    22  lcd_routines.o(i.put_minus)
    put_plus                                 0x0800ab89   Thumb Code    24  lcd_routines.o(i.put_plus)
    recordEmAll                              0x0800aba5   Thumb Code   340  record.o(i.recordEmAll)
    risingEdgeDetectionWithOnDelay           0x0800ad19   Thumb Code    78  aux_functions.o(i.risingEdgeDetectionWithOnDelay)
    rtu_Feeder1DataPrep                      0x0800ad69   Thumb Code   570  modbus_rtu_slave.o(i.rtu_Feeder1DataPrep)
    rtu_ModbusFrameProcessing                0x0800afb5   Thumb Code   316  modbus_rtu_slave.o(i.rtu_ModbusFrameProcessing)
    rtu_crcCalculation                       0x0800b111   Thumb Code   150  modbus_rtu_slave.o(i.rtu_crcCalculation)
    rtu_getFeeder1_writeMultipleRegisters    0x0800b1ad   Thumb Code   148  modbus_rtu_slave.o(i.rtu_getFeeder1_writeMultipleRegisters)
    rtu_transmitDisable_receiveEnable        0x0800b255   Thumb Code    10  modbus_rtu_slave.o(i.rtu_transmitDisable_receiveEnable)
    saveEmAll                                0x0800b265   Thumb Code    16  menu_routines.o(i.saveEmAll)
    saveScreen                               0x0800b279   Thumb Code   224  menu_routines.o(i.saveScreen)
    savingScreen                             0x0800b36d   Thumb Code   190  menu_routines.o(i.savingScreen)
    scope_plotting                           0x0800b455   Thumb Code   152  graphing_fuctions.o(i.scope_plotting)
    scope_routine                            0x0800b4f9   Thumb Code    42  graphing_fuctions.o(i.scope_routine)
    screenData2flash                         0x0800b531   Thumb Code    96  lcd_routines.o(i.screenData2flash)
    staticDataSingle                         0x0800b591   Thumb Code   202  menu_routines.o(i.staticDataSingle)
    staticDataTripple                        0x0800b65b   Thumb Code   398  menu_routines.o(i.staticDataTripple)
    staticDataTrippleTotalPower              0x0800b7e9   Thumb Code   280  menu_routines.o(i.staticDataTrippleTotalPower)
    staticData_CT                            0x0800b901   Thumb Code   252  menu_routines.o(i.staticData_CT)
    staticData_VT                            0x0800ba2d   Thumb Code   178  menu_routines.o(i.staticData_VT)
    staticData_comm                          0x0800baf1   Thumb Code   252  menu_routines.o(i.staticData_comm)
    staticData_input                         0x0800bc2d   Thumb Code   216  menu_routines.o(i.staticData_input)
    staticData_output                        0x0800bd29   Thumb Code   180  menu_routines.o(i.staticData_output)
    staticData_reset                         0x0800bdf1   Thumb Code   106  menu_routines.o(i.staticData_reset)
    symbol_transfer                          0x0800be5d   Thumb Code    60  lcd_routines.o(i.symbol_transfer)
    toMainDetect                             0x0800bea1   Thumb Code   188  menu_routines.o(i.toMainDetect)
    toSettingsDetect                         0x0800bf6d   Thumb Code    60  menu_routines.o(i.toSettingsDetect)
    ui_limiter                               0x0800bfb9   Thumb Code    18  aux_functions.o(i.ui_limiter)
    unit_transfer                            0x0800bfcd   Thumb Code   170  lcd_routines.o(i.unit_transfer)
    vline                                    0x0800c085   Thumb Code   320  graphing_fuctions.o(i.vline)
    vline_dotted                             0x0800c1c9   Thumb Code   336  graphing_fuctions.o(i.vline_dotted)
    write_lcd                                0x0800c31d   Thumb Code   128  lcd_routines.o(i.write_lcd)
    LCD_batch_init_array                     0x0800c3ac   Data          14  lcd_data.o(.constdata)
    arial_14ptBitmaps                        0x0800c3ba   Data         608  lcd_fonts.o(.constdata)
    Descriptors                              0x0800c61a   Data         108  lcd_fonts.o(.constdata)
    arial_8ptBitmaps                         0x0800c686   Data         159  lcd_fonts.o(.constdata)
    Descriptors2                             0x0800c726   Data         108  lcd_fonts.o(.constdata)
    button_symbols                           0x0800c792   Data         160  lcd_fonts.o(.constdata)
    bookAntiqua_14ptBitmaps                  0x0800c832   Data         220  lcd_fonts.o(.constdata)
    Descriptors3                             0x0800c90e   Data          40  lcd_fonts.o(.constdata)
    unit_charecters                          0x0800c936   Data          38  lcd_fonts.o(.constdata)
    Descriptors4                             0x0800c95c   Data          12  lcd_fonts.o(.constdata)
    menu_units_ch                            0x0800c968   Data          94  lcd_fonts.o(.constdata)
    Descriptors5                             0x0800c9c6   Data          24  lcd_fonts.o(.constdata)
    arial_8ptBitmaps_lowerCaseDigits         0x0800c9de   Data          48  lcd_fonts.o(.constdata)
    Descriptors_lowerCaseDigits              0x0800ca0e   Data          40  lcd_fonts.o(.constdata)
    aPLLMULFactorTable                       0x0800ca36   Data          16  stm32f3xx_hal_rcc.o(.constdata)
    aPredivFactorTable                       0x0800ca46   Data          16  stm32f3xx_hal_rcc.o(.constdata)
    AHBPrescTable                            0x0800ca56   Data          16  system_stm32f3xx.o(.constdata)
    APBPrescTable                            0x0800ca66   Data           8  system_stm32f3xx.o(.constdata)
    menu_transition                          0x0800caac   Data         510  menu_init.o(.constdata)
    Region$$Table$$Base                      0x0800cccc   Number         0  anon$$obj.o(Region$$Table)
    Region$$Table$$Limit                     0x0800ccfc   Number         0  anon$$obj.o(Region$$Table)
    Long Thumb to Thumb Veneer to HAL_GPIO_TogglePin 0x20000001   Thumb Code    10  anon$$obj.o(Veneer$$Code)
    Long Thumb to Thumb Veneer to ios        0x2000000b   Thumb Code    10  anon$$obj.o(Veneer$$Code)
    Long Thumb to Thumb Veneer to recordEmAll 0x20000015   Thumb Code    10  anon$$obj.o(Veneer$$Code)
    Long Thumb to Thumb Veneer to HAL_SDADC_InjectedGetValue 0x2000001f   Thumb Code    10  anon$$obj.o(Veneer$$Code)
    Long Thumb to Thumb Veneer to __hardfp_sqrtf 0x20000029   Thumb Code    10  anon$$obj.o(Veneer$$Code)
    Long Thumb to Thumb Veneer to HAL_SDADC_CalibrationStart_IT 0x20000033   Thumb Code    10  anon$$obj.o(Veneer$$Code)
    Long Thumb to Thumb Veneer to HAL_SDADC_InjectedStart_IT 0x2000003d   Thumb Code    10  anon$$obj.o(Veneer$$Code)
    Long Thumb to Thumb Veneer to HAL_ADCEx_Calibration_Start 0x20000047   Thumb Code    10  anon$$obj.o(Veneer$$Code)
    Long Thumb to Thumb Veneer to HAL_ADC_Start_DMA 0x20000051   Thumb Code    10  anon$$obj.o(Veneer$$Code)
    Long Thumb to Thumb Veneer to HAL_TIM_OC_Start_IT 0x2000005b   Thumb Code    10  anon$$obj.o(Veneer$$Code)
    Long Thumb to Thumb Veneer to scope_routine 0x20000065   Thumb Code    10  anon$$obj.o(Veneer$$Code)
    Long Thumb to Thumb Veneer to __hardfp_cosf 0x2000006f   Thumb Code    10  anon$$obj.o(Veneer$$Code)
    Long Thumb to Thumb Veneer to __hardfp_sinf 0x20000079   Thumb Code    10  anon$$obj.o(Veneer$$Code)
    Long Thumb to Thumb Veneer to __hardfp_atan2f 0x20000083   Thumb Code    10  anon$$obj.o(Veneer$$Code)
    HAL_ADC_ConvCpltCallback                 0x2000008d   Thumb Code   444  converison.o(i.HAL_ADC_ConvCpltCallback)
    HAL_SDADC_CalibrationCpltCallback        0x20000261   Thumb Code    86  converison.o(i.HAL_SDADC_CalibrationCpltCallback)
    HAL_SDADC_InjectedConvCpltCallback       0x200002bd   Thumb Code   106  converison.o(i.HAL_SDADC_InjectedConvCpltCallback)
    bin_magnitudes                           0x2000033d   Thumb Code   292  measurement_functions.o(i.bin_magnitudes)
    energy_accumulator                       0x2000046d   Thumb Code    92  measurement_functions.o(i.energy_accumulator)
    energy_calculations                      0x200004d1   Thumb Code  1382  measurement_functions.o(i.energy_calculations)
    fund_RMS                                 0x20000a3d   Thumb Code   394  measurement_functions.o(i.fund_RMS)
    harmonics_routine                        0x20000bd9   Thumb Code   186  measurement_functions.o(i.harmonics_routine)
    init_conversion                          0x20000ca9   Thumb Code   190  converison.o(i.init_conversion)
    iq_generation                            0x20000d99   Thumb Code   162  measurement_functions.o(i.iq_generation)
    measurement_routines                     0x20000e3d   Thumb Code   382  measurement_routines.o(i.measurement_routines)
    offline_calculations                     0x20000fd9   Thumb Code   104  measurement_functions.o(i.offline_calculations)
    offset_cancellation                      0x20001051   Thumb Code    42  prefilter.o(i.offset_cancellation)
    pDiffer                                  0x20001085   Thumb Code    22  phasecompensation.o(i.pDiffer)
    pLagDef                                  0x2000109d   Thumb Code   248  phasecompensation.o(i.pLagDef)
    pfilter                                  0x200011a1   Thumb Code    34  measurement_data.o(i.pfilter)
    phaseDetect                              0x200011cd   Thumb Code    36  measurement_functions.o(i.phaseDetect)
    power_calculations_iq                    0x200011f1   Thumb Code   600  measurement_functions.o(i.power_calculations_iq)
    signal_spectra                           0x20001455   Thumb Code    86  measurement_functions.o(i.signal_spectra)
    symmetrical_components                   0x200014ad   Thumb Code   554  measurement_functions.o(i.symmetrical_components)
    true_RMS                                 0x200016f1   Thumb Code   508  measurement_functions.o(i.true_RMS)
    inphase_coeffs                           0x20001900   Data          20  measurement_data.o(.constdata)
    quad_coeffs                              0x20001914   Data          20  measurement_data.o(.constdata)
    coeffs_real                              0x20001928   Data         200  measurement_data.o(.constdata)
    coeffs_imag                              0x200019f0   Data         200  measurement_data.o(.constdata)
    convFlags                                0x20001ab8   Data           1  converison.o(.data)
    calFlags                                 0x20001aba   Data           2  converison.o(.data)
    pc_b1                                    0x20001abc   Data           4  converison.o(.data)
    pc_b2                                    0x20001ac0   Data           4  converison.o(.data)
    pc_x1                                    0x20001ac4   Data           4  converison.o(.data)
    pc_x2                                    0x20001ac8   Data           4  converison.o(.data)
    pc_x3                                    0x20001acc   Data           4  converison.o(.data)
    pc_x4                                    0x20001ad0   Data           4  converison.o(.data)
    pc_x5                                    0x20001ad4   Data           4  converison.o(.data)
    pc_x6                                    0x20001ad8   Data           4  converison.o(.data)
    pc_b12                                   0x20001adc   Data           4  converison.o(.data)
    pc_b22                                   0x20001ae0   Data           4  converison.o(.data)
    comErrorFlag                             0x20001ae4   Data           1  main.o(.data)
    ReceiveData                              0x20001ae5   Data           1  main.o(.data)
    mp_counter                               0x20001ae6   Data           2  main.o(.data)
    refresh_counter                          0x20001ae8   Data           2  main.o(.data)
    rtu_ModbusRxIndex                        0x20001aea   Data           2  main.o(.data)
    recTimeOut                               0x20001aec   Data           2  main.o(.data)
    transmitComp                             0x20001aee   Data           2  main.o(.data)
    recFlag                                  0x20001af0   Data           2  main.o(.data)
    fckcnt                                   0x20001af4   Data           4  main.o(.data)
    uart3_sentinel                           0x20001af8   Data           4  main.o(.data)
    rtuWriteTimerFlag                        0x20001afc   Data           1  main.o(.data)
    recComp                                  0x20001b00   Data           1  stm32f3xx_it.o(.data)
    rtuWriteTimerCnt                         0x20001b04   Data           4  stm32f3xx_it.o(.data)
    commErrorTimeOut                         0x20001b08   Data           4  stm32f3xx_it.o(.data)
    uwTick                                   0x20001b0c   Data           4  stm32f3xx_hal.o(.data)
    SystemCoreClock                          0x20001b10   Data           4  system_stm32f3xx.o(.data)
    save_lock                                0x20001b14   Data           1  menu_routines.o(.data)
    currentSaveMenu                          0x20001b15   Data           1  menu_routines.o(.data)
    save_fun                                 0x20001b58   Data           4  menu_routines.o(.data)
    savingFunctions                          0x20001b74   Data          16  menu_routines.o(.data)
    current_menu                             0x20001bd7   Data           1  menu_init.o(.data)
    previous_menu                            0x20001bd8   Data           1  menu_init.o(.data)
    main_menu_entry                          0x20001bd9   Data           1  menu_init.o(.data)
    setting_menu_entry                       0x20001bda   Data           1  menu_init.o(.data)
    main_menu_entries                        0x20001bdb   Data         380  menu_init.o(.data)
    Main_Menu                                0x20001d58   Data          52  menu_init.o(.data)
    Setting_Menu                             0x20001d8c   Data          52  menu_init.o(.data)
    Vpn_true_Menu                            0x20001dc0   Data          52  menu_init.o(.data)
    Vpn_fund_Menu                            0x20001df4   Data          52  menu_init.o(.data)
    Vpp_true_Menu                            0x20001e28   Data          52  menu_init.o(.data)
    Vpp_fund_Menu                            0x20001e5c   Data          52  menu_init.o(.data)
    Ip_true_Menu                             0x20001e90   Data          52  menu_init.o(.data)
    Ip_fund_Menu                             0x20001ec4   Data          52  menu_init.o(.data)
    Active_Power_Menu                        0x20001ef8   Data          52  menu_init.o(.data)
    Reactive_Power_Menu                      0x20001f2c   Data          52  menu_init.o(.data)
    Apparent_Power_Menu                      0x20001f60   Data          52  menu_init.o(.data)
    Total_Power_Menu                         0x20001f94   Data          52  menu_init.o(.data)
    Power_Factors_true_Menu                  0x20001fc8   Data          52  menu_init.o(.data)
    Power_Factors_fund_Menu                  0x20001ffc   Data          52  menu_init.o(.data)
    Total_Power_Factor_true_Menu             0x20002030   Data          52  menu_init.o(.data)
    Total_Power_Factor_fund_Menu             0x20002064   Data          52  menu_init.o(.data)
    Power_Ratios_Menu                        0x20002098   Data          52  menu_init.o(.data)
    Total_Power_Ratios_Menu                  0x200020cc   Data          52  menu_init.o(.data)
    Active_Energy_Import_Menu                0x20002100   Data          52  menu_init.o(.data)
    Active_Total_Energy_Import_Menu          0x20002134   Data          52  menu_init.o(.data)
    Active_Energy_Export_Menu                0x20002168   Data          52  menu_init.o(.data)
    Active_Total_Energy_Export_Menu          0x2000219c   Data          52  menu_init.o(.data)
    Reactive_Energy_Import_Menu              0x200021d0   Data          52  menu_init.o(.data)
    Reactive_Total_Energy_Import_Menu        0x20002204   Data          52  menu_init.o(.data)
    Reactive_Energy_Export_Menu              0x20002238   Data          52  menu_init.o(.data)
    Reactive_Total_Energy_Export_Menu        0x2000226c   Data          52  menu_init.o(.data)
    Apparent_Energy_Menu                     0x200022a0   Data          52  menu_init.o(.data)
    Apparent_Total_Energy_Menu               0x200022d4   Data          52  menu_init.o(.data)
    Scope_Van_Menu                           0x20002308   Data          52  menu_init.o(.data)
    Scope_Vbn_Menu                           0x2000233c   Data          52  menu_init.o(.data)
    Scope_Vcn_Menu                           0x20002370   Data          52  menu_init.o(.data)
    Scope_Ia_Menu                            0x200023a4   Data          52  menu_init.o(.data)
    Scope_Ib_Menu                            0x200023d8   Data          52  menu_init.o(.data)
    Scope_Ic_Menu                            0x2000240c   Data          52  menu_init.o(.data)
    Harmonics_Van_Menu                       0x20002440   Data          52  menu_init.o(.data)
    Harmonics_Vbn_Menu                       0x20002474   Data          52  menu_init.o(.data)
    Harmonics_Vcn_Menu                       0x200024a8   Data          52  menu_init.o(.data)
    Harmonics_Ia_Menu                        0x200024dc   Data          52  menu_init.o(.data)
    Harmonics_Ib_Menu                        0x20002510   Data          52  menu_init.o(.data)
    Harmonics_Ic_Menu                        0x20002544   Data          52  menu_init.o(.data)
    thd_Vpn_Menu                             0x20002578   Data          52  menu_init.o(.data)
    thd_I_Menu                               0x200025ac   Data          52  menu_init.o(.data)
    sym_Vpn_Menu                             0x200025e0   Data          52  menu_init.o(.data)
    sym_I_Menu                               0x20002614   Data          52  menu_init.o(.data)
    UNB_V_Menu                               0x20002648   Data          52  menu_init.o(.data)
    UNB_I_Menu                               0x2000267c   Data          52  menu_init.o(.data)
    set_VT_Menu                              0x200026b0   Data          52  menu_init.o(.data)
    set_CT_Menu                              0x200026e4   Data          52  menu_init.o(.data)
    set_input_Menu                           0x20002718   Data          52  menu_init.o(.data)
    set_output_Menu                          0x2000274c   Data          52  menu_init.o(.data)
    set_comm_Menu                            0x20002780   Data          52  menu_init.o(.data)
    set_energy_reset_Menu                    0x200027b4   Data          52  menu_init.o(.data)
    setting_menu_entries                     0x200027e8   Data         140  menu_init.o(.data)
    sumI0                                    0x20002880   Data           4  measurement_functions.o(.data)
    sumI1                                    0x20002884   Data           4  measurement_functions.o(.data)
    sumI2                                    0x20002888   Data           4  measurement_functions.o(.data)
    pb                                       0x20002898   Data           1  pb_handling.o(.data)
    pressed_button                           0x20002899   Data           1  pb_handling.o(.data)
    eraseError                               0x200028a4   Data           1  flashdatahandling.o(.data)
    writeError                               0x200028a5   Data           1  flashdatahandling.o(.data)
    PageError                                0x200028a8   Data           4  flashdatahandling.o(.data)
    input                                    0x200028ac   Data           1  ios.o(.data)
    output                                   0x200028ad   Data           1  ios.o(.data)
    limitValue                               0x200028b4   Data           4  ios.o(.data)
    limitParameter                           0x200028b8   Data           4  ios.o(.data)
    recordFlag                               0x200028c8   Data           1  record.o(.data)
    rtu_modbusRxFrameLen                     0x200028cc   Data           2  modbus_rtu_slave.o(.data)
    rtu_modbusRegAdress                      0x200028ce   Data           2  modbus_rtu_slave.o(.data)
    rtu_modbusDataLen                        0x200028d0   Data           2  modbus_rtu_slave.o(.data)
    rtu_modbusTxLen                          0x200028d2   Data           2  modbus_rtu_slave.o(.data)
    rtu_selectedSlaveID                      0x200028d4   Data           2  modbus_rtu_slave.o(.data)
    rtu_txBufferIndex                        0x200028d6   Data           2  modbus_rtu_slave.o(.data)
    rtu_modbusStartingAdress                 0x200028d8   Data           4  modbus_rtu_slave.o(.data)
    rtu_modbusEndingAdress                   0x200028dc   Data           4  modbus_rtu_slave.o(.data)
    AN                                       0x200028e4   Data          36  converison.o(.bss)
    AN_pc                                    0x20002908   Data          36  converison.o(.bss)
    scale                                    0x2000292c   Data          36  converison.o(.bss)
    uBuffer                                  0x20002950   Data          24  converison.o(.bss)
    oc_buff                                  0x20002968   Data          48  prefilter.o(.bss)
    display_buffer                           0x20002998   Data        1024  lcd_data.o(.bss)
    rtu_modbusRxBuffer                       0x20002d98   Data         500  main.o(.bss)
    hadc1                                    0x20002f8c   Data          48  adc.o(.bss)
    hdma_adc1                                0x20002fbc   Data          68  adc.o(.bss)
    hrtc                                     0x20003000   Data          32  rtc.o(.bss)
    hsdadc1                                  0x20003020   Data          68  sdadc.o(.bss)
    hsdadc2                                  0x20003064   Data          68  sdadc.o(.bss)
    hsdadc3                                  0x200030a8   Data          68  sdadc.o(.bss)
    hspi1                                    0x200030ec   Data         100  spi.o(.bss)
    hspi3                                    0x20003150   Data         100  spi.o(.bss)
    htim3                                    0x200031b4   Data          64  tim.o(.bss)
    htim5                                    0x200031f4   Data          64  tim.o(.bss)
    htim19                                   0x20003234   Data          64  tim.o(.bss)
    huart1                                   0x20003274   Data         112  usart.o(.bss)
    huart3                                   0x200032e4   Data         112  usart.o(.bss)
    pFlash                                   0x20003358   Data          32  stm32f3xx_hal_flash.o(.bss)
    main_lines                               0x20003378   Data          28  menu_init.o(.bss)
    setting_lines                            0x20003394   Data          28  menu_init.o(.bss)
    MENU                                     0x200033b0   Data        2704  menu_init.o(.bss)
    flash                                    0x20003e40   Data          40  menu_init.o(.bss)
    flashNew                                 0x20003e68   Data          40  menu_init.o(.bss)
    quad_sos                                 0x20003f9c   Data          72  measurement_routines.o(.bss)
    inphase_sos                              0x20003fe4   Data          72  measurement_routines.o(.bss)
    inphaseData                              0x2000402c   Data          36  measurement_routines.o(.bss)
    quadData                                 0x20004050   Data          36  measurement_routines.o(.bss)
    fundRMS                                  0x20004074   Data          36  measurement_routines.o(.bss)
    trueRMS                                  0x20004098   Data          36  measurement_routines.o(.bss)
    phase                                    0x200040bc   Data          36  measurement_routines.o(.bss)
    power_iq                                 0x200040e0   Data          80  measurement_routines.o(.bss)
    energy                                   0x20004130   Data         240  measurement_routines.o(.bss)
    sym                                      0x20004220   Data          32  measurement_routines.o(.bss)
    harm                                     0x20004240   Data        2640  measurement_routines.o(.bss)
    thd                                      0x20004c90   Data          24  measurement_routines.o(.bss)
    power_true                               0x20004ca8   Data          80  measurement_routines.o(.bss)
    scope_array                              0x20004d0c   Data         400  graphing_fuctions.o(.bss)
    bin_array                                0x20004e9c   Data         480  graphing_fuctions.o(.bss)
    rec                                      0x2000509c   Data         736  record.o(.bss)
    rtu_modbusTxBuffer                       0x2000537c   Data        1000  modbus_rtu_slave.o(.bss)
    rtu_deviceSlaveID                        0x20005764   Data          40  modbus_rtu_slave.o(.bss)
    rtuCRC                                   0x2000578c   Data          12  modbus_rtu_slave.o(.bss)
    __initial_sp                             0x20005b98   Data           0  startup_stm32f373xc.o(STACK)



==============================================================================

Memory Map of the image

  Image Entry point : 0x08000189

  Load Region LR_IROM1 (Base: 0x08000000, Size: 0x0000f5e0, Max: 0x00020000, ABSOLUTE, COMPRESSED[0x0000eca0])

    Execution Region ER_IROM1 (Base: 0x08000000, Size: 0x0000ccfc, Max: 0x00020000, ABSOLUTE)

    Base Addr    Size         Type   Attr      Idx    E Section Name        Object

    0x08000000   0x00000188   Data   RO            3    RESET               startup_stm32f373xc.o
    0x08000188   0x00000000   Code   RO         5989  * .ARM.Collect$$$$00000000  mc_w.l(entry.o)
    0x08000188   0x00000004   Code   RO         6019    .ARM.Collect$$$$00000001  mc_w.l(entry2.o)
    0x0800018c   0x00000004   Code   RO         6022    .ARM.Collect$$$$00000004  mc_w.l(entry5.o)
    0x08000190   0x00000000   Code   RO         6024    .ARM.Collect$$$$00000008  mc_w.l(entry7b.o)
    0x08000190   0x00000000   Code   RO         6026    .ARM.Collect$$$$0000000A  mc_w.l(entry8b.o)
    0x08000190   0x00000008   Code   RO         6027    .ARM.Collect$$$$0000000B  mc_w.l(entry9a.o)
    0x08000198   0x00000000   Code   RO         6029    .ARM.Collect$$$$0000000D  mc_w.l(entry10a.o)
    0x08000198   0x00000000   Code   RO         6031    .ARM.Collect$$$$0000000F  mc_w.l(entry11a.o)
    0x08000198   0x00000004   Code   RO         6020    .ARM.Collect$$$$00002712  mc_w.l(entry2.o)
    0x0800019c   0x00000024   Code   RO            4    .text               startup_stm32f373xc.o
    0x080001c0   0x00000020   Code   RO         5992    .text               mc_w.l(llushr.o)
    0x080001e0   0x00000024   Code   RO         5994    .text               mc_w.l(memcpya.o)
    0x08000204   0x00000024   Code   RO         5996    .text               mc_w.l(memseta.o)
    0x08000228   0x00000000   Code   RO         6040    .text               mc_w.l(iusefp.o)
    0x08000228   0x00000024   Code   RO         6041    .text               mc_w.l(init.o)
    0x0800024c   0x0000005e   Code   RO         6051    .text               mc_w.l(__dclz77c.o)
    0x080002aa   0x0000000a   Ven    RO         6053    Veneer$$Code        anon$$obj.o
    0x080002b4   0x0000000a   Ven    RO         6054    Veneer$$Code        anon$$obj.o
    0x080002be   0x0000000a   Ven    RO         6055    Veneer$$Code        anon$$obj.o
    0x080002c8   0x0000000a   Ven    RO         6056    Veneer$$Code        anon$$obj.o
    0x080002d2   0x0000000a   Ven    RO         6057    Veneer$$Code        anon$$obj.o
    0x080002dc   0x0000000a   Ven    RO         6058    Veneer$$Code        anon$$obj.o
    0x080002e6   0x00000002   PAD
    0x080002e8   0x0000000c   Code   RO          904    i.ADC1_IRQHandler   stm32f3xx_it.o
    0x080002f4   0x00000054   Code   RO         1202    i.ADC_ConversionStop_Disable  stm32f3xx_hal_adc_ex.o
    0x08000348   0x0000004c   Code   RO         1203    i.ADC_DMAConvCplt   stm32f3xx_hal_adc_ex.o
    0x08000394   0x00000016   Code   RO         1204    i.ADC_DMAError      stm32f3xx_hal_adc_ex.o
    0x080003aa   0x00000006   Code   RO         1205    i.ADC_DMAHalfConvCplt  stm32f3xx_hal_adc_ex.o
    0x080003b0   0x000000b8   Code   RO         1206    i.ADC_Enable        stm32f3xx_hal_adc_ex.o
    0x08000468   0x00000002   Code   RO          905    i.BusFault_Handler  stm32f3xx_it.o
    0x0800046a   0x00000002   PAD
    0x0800046c   0x000000ec   Code   RO         5038    i.DISPLAY_MENU      menu_routines.o
    0x08000558   0x0000000c   Code   RO          906    i.DMA1_Channel1_IRQHandler  stm32f3xx_it.o
    0x08000564   0x00000002   Code   RO          907    i.DebugMon_Handler  stm32f3xx_it.o
    0x08000566   0x00000002   PAD
    0x08000568   0x00000088   Code   RO         4404    i.FLASH_WaitForLastOperation  stm32f3xx_hal_flash.o
    0x080005f0   0x00000154   Code   RO         1207    i.HAL_ADCEx_Calibration_Start  stm32f3xx_hal_adc_ex.o
    0x08000744   0x00000398   Code   RO         1208    i.HAL_ADCEx_InjectedConfigChannel  stm32f3xx_hal_adc_ex.o
    0x08000adc   0x00000002   Code   RO         1209    i.HAL_ADCEx_InjectedConvCpltCallback  stm32f3xx_hal_adc_ex.o
    0x08000ade   0x00000002   PAD
    0x08000ae0   0x0000026c   Code   RO         1217    i.HAL_ADC_ConfigChannel  stm32f3xx_hal_adc_ex.o
    0x08000d4c   0x00000002   Code   RO         1055    i.HAL_ADC_ConvHalfCpltCallback  stm32f3xx_hal_adc.o
    0x08000d4e   0x00000002   Code   RO         1057    i.HAL_ADC_ErrorCallback  stm32f3xx_hal_adc.o
    0x08000d50   0x00000178   Code   RO         1220    i.HAL_ADC_IRQHandler  stm32f3xx_hal_adc_ex.o
    0x08000ec8   0x0000022c   Code   RO         1221    i.HAL_ADC_Init      stm32f3xx_hal_adc_ex.o
    0x080010f4   0x00000002   Code   RO         1063    i.HAL_ADC_LevelOutOfWindowCallback  stm32f3xx_hal_adc.o
    0x080010f6   0x00000002   PAD
    0x080010f8   0x000000b4   Code   RO          575    i.HAL_ADC_MspInit   adc.o
    0x080011ac   0x0000011c   Code   RO         1225    i.HAL_ADC_Start_DMA  stm32f3xx_hal_adc_ex.o
    0x080012c8   0x0000004c   Code   RO         4035    i.HAL_DMA_Abort_IT  stm32f3xx_hal_dma.o
    0x08001314   0x000000cc   Code   RO         4039    i.HAL_DMA_IRQHandler  stm32f3xx_hal_dma.o
    0x080013e0   0x000001e8   Code   RO         4040    i.HAL_DMA_Init      stm32f3xx_hal_dma.o
    0x080015c8   0x000000ec   Code   RO         4044    i.HAL_DMA_Start_IT  stm32f3xx_hal_dma.o
    0x080016b4   0x0000001e   Code   RO         3682    i.HAL_Delay         stm32f3xx_hal.o
    0x080016d2   0x00000002   PAD
    0x080016d4   0x000001b0   Code   RO         4498    i.HAL_FLASHEx_Erase  stm32f3xx_hal_flash_ex.o
    0x08001884   0x00000014   Code   RO         4408    i.HAL_FLASH_Lock    stm32f3xx_hal_flash.o
    0x08001898   0x0000011c   Code   RO         4413    i.HAL_FLASH_Program  stm32f3xx_hal_flash.o
    0x080019b4   0x00000028   Code   RO         4415    i.HAL_FLASH_Unlock  stm32f3xx_hal_flash.o
    0x080019dc   0x00000318   Code   RO         3971    i.HAL_GPIO_Init     stm32f3xx_hal_gpio.o
    0x08001cf4   0x00000058   Code   RO         3973    i.HAL_GPIO_ReadPin  stm32f3xx_hal_gpio.o
    0x08001d4c   0x00000058   Code   RO         3974    i.HAL_GPIO_TogglePin  stm32f3xx_hal_gpio.o
    0x08001da4   0x0000006c   Code   RO         3975    i.HAL_GPIO_WritePin  stm32f3xx_hal_gpio.o
    0x08001e10   0x0000000c   Code   RO         3686    i.HAL_GetTick       stm32f3xx_hal.o
    0x08001e1c   0x00000010   Code   RO         3690    i.HAL_IncTick       stm32f3xx_hal.o
    0x08001e2c   0x00000024   Code   RO         3691    i.HAL_Init          stm32f3xx_hal.o
    0x08001e50   0x00000028   Code   RO         3692    i.HAL_InitTick      stm32f3xx_hal.o
    0x08001e78   0x00000070   Code   RO         1028    i.HAL_MspInit       stm32f3xx_hal_msp.o
    0x08001ee8   0x00000064   Code   RO         4129    i.HAL_NVIC_EnableIRQ  stm32f3xx_hal_cortex.o
    0x08001f4c   0x000000b4   Code   RO         4135    i.HAL_NVIC_SetPriority  stm32f3xx_hal_cortex.o
    0x08002000   0x0000007c   Code   RO         4136    i.HAL_NVIC_SetPriorityGrouping  stm32f3xx_hal_cortex.o
    0x0800207c   0x0000007c   Code   RO         4345    i.HAL_PWREx_EnableSDADC  stm32f3xx_hal_pwr_ex.o
    0x080020f8   0x00000010   Code   RO         4259    i.HAL_PWR_EnableBkUpAccess  stm32f3xx_hal_pwr.o
    0x08002108   0x0000039c   Code   RO         3934    i.HAL_RCCEx_PeriphCLKConfig  stm32f3xx_hal_rcc_ex.o
    0x080024a4   0x0000035c   Code   RO         3829    i.HAL_RCC_ClockConfig  stm32f3xx_hal_rcc.o
    0x08002800   0x0000000c   Code   RO         3834    i.HAL_RCC_GetHCLKFreq  stm32f3xx_hal_rcc.o
    0x0800280c   0x00000030   Code   RO         3836    i.HAL_RCC_GetPCLK1Freq  stm32f3xx_hal_rcc.o
    0x0800283c   0x00000030   Code   RO         3837    i.HAL_RCC_GetPCLK2Freq  stm32f3xx_hal_rcc.o
    0x0800286c   0x00000078   Code   RO         3838    i.HAL_RCC_GetSysClockFreq  stm32f3xx_hal_rcc.o
    0x080028e4   0x00000744   Code   RO         3841    i.HAL_RCC_OscConfig  stm32f3xx_hal_rcc.o
    0x08003028   0x00000118   Code   RO         3622    i.HAL_RS485Ex_Init  stm32f3xx_hal_uart_ex.o
    0x08003140   0x000001d0   Code   RO         1391    i.HAL_RTC_Init      stm32f3xx_hal_rtc.o
    0x08003310   0x0000002a   Code   RO          641    i.HAL_RTC_MspInit   rtc.o
    0x0800333a   0x00000002   PAD
    0x0800333c   0x00000130   Code   RO         1747    i.HAL_SDADC_AssociateChannelConfig  stm32f3xx_hal_sdadc.o
    0x0800346c   0x000000dc   Code   RO         1750    i.HAL_SDADC_CalibrationStart_IT  stm32f3xx_hal_sdadc.o
    0x08003548   0x00000002   Code   RO         1752    i.HAL_SDADC_ConvCpltCallback  stm32f3xx_hal_sdadc.o
    0x0800354a   0x00000002   Code   RO         1755    i.HAL_SDADC_ErrorCallback  stm32f3xx_hal_sdadc.o
    0x0800354c   0x0000010e   Code   RO         1759    i.HAL_SDADC_IRQHandler  stm32f3xx_hal_sdadc.o
    0x0800365a   0x00000002   PAD
    0x0800365c   0x00000164   Code   RO         1760    i.HAL_SDADC_Init    stm32f3xx_hal_sdadc.o
    0x080037c0   0x000000f8   Code   RO         1761    i.HAL_SDADC_InjectedConfigChannel  stm32f3xx_hal_sdadc.o
    0x080038b8   0x00000084   Code   RO         1764    i.HAL_SDADC_InjectedGetValue  stm32f3xx_hal_sdadc.o
    0x0800393c   0x0000008c   Code   RO         1771    i.HAL_SDADC_InjectedStart_IT  stm32f3xx_hal_sdadc.o
    0x080039c8   0x000000d4   Code   RO          683    i.HAL_SDADC_MspInit  sdadc.o
    0x08003a9c   0x00000150   Code   RO         1784    i.HAL_SDADC_PrepareChannelConfig  stm32f3xx_hal_sdadc.o
    0x08003bec   0x000000c0   Code   RO         1785    i.HAL_SDADC_SelectInjectedDelay  stm32f3xx_hal_sdadc.o
    0x08003cac   0x00000108   Code   RO         1786    i.HAL_SDADC_SelectInjectedExtTrigger  stm32f3xx_hal_sdadc.o
    0x08003db4   0x000000a4   Code   RO         1787    i.HAL_SDADC_SelectInjectedTrigger  stm32f3xx_hal_sdadc.o
    0x08003e58   0x00000006   Code   RO         2107    i.HAL_SPI_GetState  stm32f3xx_hal_spi.o
    0x08003e5e   0x00000002   PAD
    0x08003e60   0x00000258   Code   RO         2109    i.HAL_SPI_Init      stm32f3xx_hal_spi.o
    0x080040b8   0x00000088   Code   RO          737    i.HAL_SPI_MspInit   spi.o
    0x08004140   0x000001e8   Code   RO         2117    i.HAL_SPI_Transmit  stm32f3xx_hal_spi.o
    0x08004328   0x00000064   Code   RO         4138    i.HAL_SYSTICK_CLKSourceConfig  stm32f3xx_hal_cortex.o
    0x0800438c   0x00000002   Code   RO         4139    i.HAL_SYSTICK_Callback  stm32f3xx_hal_cortex.o
    0x0800438e   0x00000002   PAD
    0x08004390   0x0000002c   Code   RO         4140    i.HAL_SYSTICK_Config  stm32f3xx_hal_cortex.o
    0x080043bc   0x00000008   Code   RO         4141    i.HAL_SYSTICK_IRQHandler  stm32f3xx_hal_cortex.o
    0x080043c4   0x00000002   Code   RO         3054    i.HAL_TIMEx_BreakCallback  stm32f3xx_hal_tim_ex.o
    0x080043c6   0x00000002   Code   RO         3055    i.HAL_TIMEx_CommutationCallback  stm32f3xx_hal_tim_ex.o
    0x080043c8   0x00000130   Code   RO         3068    i.HAL_TIMEx_MasterConfigSynchronization  stm32f3xx_hal_tim_ex.o
    0x080044f8   0x00000144   Code   RO         2431    i.HAL_TIM_Base_Init  stm32f3xx_hal_tim.o
    0x0800463c   0x00000054   Code   RO          785    i.HAL_TIM_Base_MspInit  tim.o
    0x08004690   0x000000ec   Code   RO         2434    i.HAL_TIM_Base_Start  stm32f3xx_hal_tim.o
    0x0800477c   0x00000568   Code   RO         2440    i.HAL_TIM_ConfigClockSource  stm32f3xx_hal_tim.o
    0x08004ce4   0x00000002   Code   RO         2462    i.HAL_TIM_IC_CaptureCallback  stm32f3xx_hal_tim.o
    0x08004ce6   0x0000016c   Code   RO         2475    i.HAL_TIM_IRQHandler  stm32f3xx_hal_tim.o
    0x08004e52   0x00000002   PAD
    0x08004e54   0x00000234   Code   RO         2476    i.HAL_TIM_OC_ConfigChannel  stm32f3xx_hal_tim.o
    0x08005088   0x00000002   Code   RO         2478    i.HAL_TIM_OC_DelayElapsedCallback  stm32f3xx_hal_tim.o
    0x0800508a   0x00000002   PAD
    0x0800508c   0x0000014c   Code   RO         2480    i.HAL_TIM_OC_Init   stm32f3xx_hal_tim.o
    0x080051d8   0x00000002   Code   RO         2482    i.HAL_TIM_OC_MspInit  stm32f3xx_hal_tim.o
    0x080051da   0x00000002   PAD
    0x080051dc   0x00000194   Code   RO         2485    i.HAL_TIM_OC_Start_IT  stm32f3xx_hal_tim.o
    0x08005370   0x000002b4   Code   RO         2499    i.HAL_TIM_PWM_ConfigChannel  stm32f3xx_hal_tim.o
    0x08005624   0x0000014c   Code   RO         2502    i.HAL_TIM_PWM_Init  stm32f3xx_hal_tim.o
    0x08005770   0x0000002c   Code   RO          788    i.HAL_TIM_PWM_MspInit  tim.o
    0x0800579c   0x00000002   Code   RO         2505    i.HAL_TIM_PWM_PulseFinishedCallback  stm32f3xx_hal_tim.o
    0x0800579e   0x00000002   PAD
    0x080057a0   0x00000170   Code   RO         2506    i.HAL_TIM_PWM_Start  stm32f3xx_hal_tim.o
    0x08005910   0x00000002   Code   RO         2512    i.HAL_TIM_PeriodElapsedCallback  stm32f3xx_hal_tim.o
    0x08005912   0x00000002   Code   RO         2516    i.HAL_TIM_TriggerCallback  stm32f3xx_hal_tim.o
    0x08005914   0x00000002   Code   RO         3626    i.HAL_UARTEx_WakeupCallback  stm32f3xx_hal_uart_ex.o
    0x08005916   0x00000002   Code   RO         3297    i.HAL_UART_ErrorCallback  stm32f3xx_hal_uart.o
    0x08005918   0x000001dc   Code   RO         3300    i.HAL_UART_IRQHandler  stm32f3xx_hal_uart.o
    0x08005af4   0x000000f0   Code   RO         3301    i.HAL_UART_Init     stm32f3xx_hal_uart.o
    0x08005be4   0x00000098   Code   RO          857    i.HAL_UART_MspInit  usart.o
    0x08005c7c   0x00000084   Code   RO         3306    i.HAL_UART_Receive_IT  stm32f3xx_hal_uart.o
    0x08005d00   0x00000048   Code   RO          461    i.HAL_UART_RxCpltCallback  main.o
    0x08005d48   0x00000044   Code   RO         3311    i.HAL_UART_Transmit_IT  stm32f3xx_hal_uart.o
    0x08005d8c   0x00000020   Code   RO          462    i.HAL_UART_TxCpltCallback  main.o
    0x08005dac   0x00000002   Code   RO          908    i.HardFault_Handler  stm32f3xx_it.o
    0x08005dae   0x00000002   PAD
    0x08005db0   0x000000dc   Code   RO          576    i.MX_ADC1_Init      adc.o
    0x08005e8c   0x0000002c   Code   RO          616    i.MX_DMA_Init       dma.o
    0x08005eb8   0x0000014c   Code   RO          550    i.MX_GPIO_Init      gpio.o
    0x08006004   0x00000048   Code   RO          642    i.MX_RTC_Init       rtc.o
    0x0800604c   0x000000d8   Code   RO          684    i.MX_SDADC1_Init    sdadc.o
    0x08006124   0x000000bc   Code   RO          685    i.MX_SDADC2_Init    sdadc.o
    0x080061e0   0x000000bc   Code   RO          686    i.MX_SDADC3_Init    sdadc.o
    0x0800629c   0x00000064   Code   RO          738    i.MX_SPI1_Init      spi.o
    0x08006300   0x00000064   Code   RO          739    i.MX_SPI3_Init      spi.o
    0x08006364   0x000000bc   Code   RO          789    i.MX_TIM19_Init     tim.o
    0x08006420   0x00000074   Code   RO          790    i.MX_TIM3_Init      tim.o
    0x08006494   0x000000b4   Code   RO          791    i.MX_TIM5_Init      tim.o
    0x08006548   0x00000050   Code   RO          858    i.MX_USART1_UART_Init  usart.o
    0x08006598   0x00000064   Code   RO          859    i.MX_USART3_UART_Init  usart.o
    0x080065fc   0x00000002   Code   RO          909    i.MemManage_Handler  stm32f3xx_it.o
    0x080065fe   0x00000002   Code   RO          910    i.NMI_Handler       stm32f3xx_it.o
    0x08006600   0x00000002   Code   RO          911    i.PendSV_Handler    stm32f3xx_it.o
    0x08006602   0x00000002   PAD
    0x08006604   0x0000000c   Code   RO          912    i.SDADC1_IRQHandler  stm32f3xx_it.o
    0x08006610   0x0000000c   Code   RO          913    i.SDADC2_IRQHandler  stm32f3xx_it.o
    0x0800661c   0x0000000c   Code   RO          914    i.SDADC3_IRQHandler  stm32f3xx_it.o
    0x08006628   0x0000003c   Code   RO         1800    i.SDADC_EnterInitMode  stm32f3xx_hal_sdadc.o
    0x08006664   0x00000064   Code   RO         1801    i.SDADC_InjConvStart  stm32f3xx_hal_sdadc.o
    0x080066c8   0x00000044   Code   RO         5039    i.SELECT_MENU       menu_routines.o
    0x0800670c   0x0000004a   Code   RO         2143    i.SPI_EndRxTxTransaction  stm32f3xx_hal_spi.o
    0x08006756   0x00000002   PAD
    0x08006758   0x0000009a   Code   RO         2148    i.SPI_WaitFifoStateUntilTimeout  stm32f3xx_hal_spi.o
    0x080067f2   0x00000002   PAD
    0x080067f4   0x0000008a   Code   RO         2149    i.SPI_WaitFlagStateUntilTimeout  stm32f3xx_hal_spi.o
    0x0800687e   0x00000002   Code   RO          915    i.SVC_Handler       stm32f3xx_it.o
    0x08006880   0x0000007c   Code   RO          916    i.SysTick_Handler   stm32f3xx_it.o
    0x080068fc   0x000000bc   Code   RO          463    i.SystemClock_Config  main.o
    0x080069b8   0x00000068   Code   RO         5004    i.SystemInit        system_stm32f3xx.o
    0x08006a20   0x0000000c   Code   RO          917    i.TIM19_IRQHandler  stm32f3xx_it.o
    0x08006a2c   0x000000c4   Code   RO         2517    i.TIM_Base_SetConfig  stm32f3xx_hal_tim.o
    0x08006af0   0x000000e8   Code   RO         2518    i.TIM_CCxChannelCmd  stm32f3xx_hal_tim.o
    0x08006bd8   0x000000f8   Code   RO         2525    i.TIM_OC1_SetConfig  stm32f3xx_hal_tim.o
    0x08006cd0   0x000000cc   Code   RO         2526    i.TIM_OC2_SetConfig  stm32f3xx_hal_tim.o
    0x08006d9c   0x00000094   Code   RO         2527    i.TIM_OC3_SetConfig  stm32f3xx_hal_tim.o
    0x08006e30   0x000000ac   Code   RO         2528    i.TIM_OC4_SetConfig  stm32f3xx_hal_tim.o
    0x08006edc   0x00000224   Code   RO         3314    i.UART_AdvFeatureConfig  stm32f3xx_hal_uart.o
    0x08007100   0x00000060   Code   RO         3315    i.UART_CheckIdleState  stm32f3xx_hal_uart.o
    0x08007160   0x00000014   Code   RO         3316    i.UART_DMAAbortOnError  stm32f3xx_hal_uart.o
    0x08007174   0x0000007c   Code   RO         3327    i.UART_Receive_IT   stm32f3xx_hal_uart.o
    0x080071f0   0x000002ec   Code   RO         3328    i.UART_SetConfig    stm32f3xx_hal_uart.o
    0x080074dc   0x00000076   Code   RO         3330    i.UART_WaitOnFlagUntilTimeout  stm32f3xx_hal_uart.o
    0x08007552   0x00000002   PAD
    0x08007554   0x0000000c   Code   RO          918    i.USART3_IRQHandler  stm32f3xx_it.o
    0x08007560   0x00000002   Code   RO          919    i.UsageFault_Handler  stm32f3xx_it.o
    0x08007562   0x00000002   Code   RO          464    i._Error_Handler    main.o
    0x08007564   0x00000008   Code   RO         5648    i.__ARM_common_memclr4_8  graphing_fuctions.o
    0x0800756c   0x00000026   Code   RO         6000    i.__ARM_fpclassifyf  m_wm.l(fpclassifyf.o)
    0x08007592   0x00000002   PAD
    0x08007594   0x00000250   Code   RO         5941    i.__hardfp_atan2f   m_wm.l(atan2f.o)
    0x080077e4   0x00000150   Code   RO         5953    i.__hardfp_cosf     m_wm.l(cosf.o)
    0x08007934   0x00000190   Code   RO         5965    i.__hardfp_sinf     m_wm.l(sinf.o)
    0x08007ac4   0x0000003a   Code   RO         5977    i.__hardfp_sqrtf    m_wm.l(sqrtf.o)
    0x08007afe   0x00000006   Code   RO         6003    i.__mathlib_flt_infnan  m_wm.l(funder.o)
    0x08007b04   0x00000006   Code   RO         6004    i.__mathlib_flt_infnan2  m_wm.l(funder.o)
    0x08007b0a   0x00000002   PAD
    0x08007b0c   0x00000010   Code   RO         6005    i.__mathlib_flt_invalid  m_wm.l(funder.o)
    0x08007b1c   0x00000010   Code   RO         6008    i.__mathlib_flt_underflow  m_wm.l(funder.o)
    0x08007b2c   0x00000154   Code   RO         6016    i.__mathlib_rredf2  m_wm.l(rredf.o)
    0x08007c80   0x0000000e   Code   RO         6045    i.__scatterload_copy  mc_w.l(handlers.o)
    0x08007c8e   0x00000002   Code   RO         6046    i.__scatterload_null  mc_w.l(handlers.o)
    0x08007c90   0x0000000e   Code   RO         6047    i.__scatterload_zeroinit  mc_w.l(handlers.o)
    0x08007c9e   0x00000002   PAD
    0x08007ca0   0x0000000c   Code   RO         6035    i.__set_errno       mc_w.l(errno.o)
    0x08007cac   0x00000002   Code   RO          465    i.assert_failed     main.o
    0x08007cae   0x00000002   PAD
    0x08007cb0   0x00000270   Code   RO         5040    i.atMainOperation   menu_routines.o
    0x08007f20   0x0000023c   Code   RO         5041    i.atSettingsOperation  menu_routines.o
    0x0800815c   0x00000040   Code   RO          264    i.clearColumns      lcd_routines.o
    0x0800819c   0x000000b8   Code   RO          266    i.digit_transfer_14pt  lcd_routines.o
    0x08008254   0x00000068   Code   RO          267    i.digit_transfer_8pt  lcd_routines.o
    0x080082bc   0x0000008e   Code   RO         5042    i.dynamicDataSingle  menu_routines.o
    0x0800834a   0x000001ea   Code   RO         5043    i.dynamicDataTripple  menu_routines.o
    0x08008534   0x000001f0   Code   RO         5044    i.dynamicDataTrippleTotalPower  menu_routines.o
    0x08008724   0x000003bc   Code   RO         5045    i.dynamicData_CT    menu_routines.o
    0x08008ae0   0x00000228   Code   RO         5046    i.dynamicData_VT    menu_routines.o
    0x08008d08   0x0000029c   Code   RO         5047    i.dynamicData_comm  menu_routines.o
    0x08008fa4   0x00000210   Code   RO         5048    i.dynamicData_input  menu_routines.o
    0x080091b4   0x000003c8   Code   RO         5049    i.dynamicData_output  menu_routines.o
    0x0800957c   0x000000b8   Code   RO         5050    i.dynamicData_reset  menu_routines.o
    0x08009634   0x0000004c   Code   RO         5497    i.fallingEdgeDetectionWithOffDelay  aux_functions.o
    0x08009680   0x0000006c   Code   RO          268    i.flashData2LCD     lcd_routines.o
    0x080096ec   0x00000050   Code   RO         5665    i.flashRead         flashdatahandling.o
    0x0800973c   0x00000034   Code   RO         5668    i.flashReadRec      flashdatahandling.o
    0x08009770   0x000000b8   Code   RO         5669    i.flashWrite        flashdatahandling.o
    0x08009828   0x00000128   Code   RO         5051    i.formatDynamicData  menu_routines.o
    0x08009950   0x0000014c   Code   RO         5563    i.graphBaseLining   graphing_fuctions.o
    0x08009a9c   0x00000004   Code   RO         5564    i.graphDataTransfer  graphing_fuctions.o
    0x08009aa0   0x000000f4   Code   RO         5565    i.harmonicBaseLine  graphing_fuctions.o
    0x08009b94   0x00000204   Code   RO         5567    i.harmonicDataTransfer  graphing_fuctions.o
    0x08009d98   0x00000068   Code   RO         5568    i.hline             graphing_fuctions.o
    0x08009e00   0x00000016   Code   RO         5498    i.i_limiter         aux_functions.o
    0x08009e16   0x00000002   PAD
    0x08009e18   0x00000040   Code   RO          269    i.init_LCD          lcd_routines.o
    0x08009e58   0x00000308   Code   RO         5254    i.init_Menu         menu_init.o
    0x0800a160   0x00000030   Code   RO          270    i.init_backlight    lcd_routines.o
    0x0800a190   0x00000028   Code   RO         5673    i.init_flashBackRead  flashdatahandling.o
    0x0800a1b8   0x000000a8   Code   RO         5754    i.inputHandling     ios.o
    0x0800a260   0x0000000e   Code   RO         5755    i.ios               ios.o
    0x0800a26e   0x00000002   PAD
    0x0800a270   0x0000009c   Code   RO          271    i.letter_transfer_14pt  lcd_routines.o
    0x0800a30c   0x00000068   Code   RO          272    i.letter_transfer_8pt  lcd_routines.o
    0x0800a374   0x00000040   Code   RO          273    i.line_highlighter  lcd_routines.o
    0x0800a3b4   0x00000048   Code   RO         5052    i.loading_bar       menu_routines.o
    0x0800a3fc   0x0000014c   Code   RO          466    i.main              main.o
    0x0800a548   0x000000b8   Code   RO          274    i.menu_unit_transfer  lcd_routines.o
    0x0800a600   0x00000002   Code   RO         5053    i.noSave            menu_routines.o
    0x0800a602   0x00000002   PAD
    0x0800a604   0x000000b4   Code   RO         5054    i.notSavedScreen    menu_routines.o
    0x0800a6b8   0x0000003a   Code   RO         5499    i.off_delay         aux_functions.o
    0x0800a6f2   0x0000003c   Code   RO         5500    i.on_delay          aux_functions.o
    0x0800a72e   0x00000024   Code   RO         5501    i.on_off_delay      aux_functions.o
    0x0800a752   0x00000002   PAD
    0x0800a754   0x0000017c   Code   RO         5756    i.outputHandling    ios.o
    0x0800a8d0   0x000000f8   Code   RO         5569    i.plot_data_formatting  graphing_fuctions.o
    0x0800a9c8   0x00000050   Code   RO         5502    i.pulseGeneration   aux_functions.o
    0x0800aa18   0x000000ec   Code   RO         5466    i.pushButtonHandling  pb_handling.o
    0x0800ab04   0x00000040   Code   RO          276    i.put_cursor        lcd_routines.o
    0x0800ab44   0x00000014   Code   RO          277    i.put_dot           lcd_routines.o
    0x0800ab58   0x00000014   Code   RO          278    i.put_dot2x2        lcd_routines.o
    0x0800ab6c   0x0000001c   Code   RO          279    i.put_minus         lcd_routines.o
    0x0800ab88   0x0000001c   Code   RO          280    i.put_plus          lcd_routines.o
    0x0800aba4   0x00000174   Code   RO         5795    i.recordEmAll       record.o
    0x0800ad18   0x0000004e   Code   RO         5504    i.risingEdgeDetectionWithOnDelay  aux_functions.o
    0x0800ad66   0x00000002   PAD
    0x0800ad68   0x0000024c   Code   RO         5818    i.rtu_Feeder1DataPrep  modbus_rtu_slave.o
    0x0800afb4   0x0000015c   Code   RO         5819    i.rtu_ModbusFrameProcessing  modbus_rtu_slave.o
    0x0800b110   0x0000009c   Code   RO         5820    i.rtu_crcCalculation  modbus_rtu_slave.o
    0x0800b1ac   0x000000a8   Code   RO         5821    i.rtu_getFeeder1_writeMultipleRegisters  modbus_rtu_slave.o
    0x0800b254   0x00000010   Code   RO         5828    i.rtu_transmitDisable_receiveEnable  modbus_rtu_slave.o
    0x0800b264   0x00000014   Code   RO         5055    i.saveEmAll         menu_routines.o
    0x0800b278   0x000000f4   Code   RO         5056    i.saveScreen        menu_routines.o
    0x0800b36c   0x000000e8   Code   RO         5057    i.savingScreen      menu_routines.o
    0x0800b454   0x000000a4   Code   RO         5570    i.scope_plotting    graphing_fuctions.o
    0x0800b4f8   0x00000038   Code   RO         5571    i.scope_routine     graphing_fuctions.o
    0x0800b530   0x00000060   Code   RO          281    i.screenData2flash  lcd_routines.o
    0x0800b590   0x000000ca   Code   RO         5058    i.staticDataSingle  menu_routines.o
    0x0800b65a   0x0000018e   Code   RO         5059    i.staticDataTripple  menu_routines.o
    0x0800b7e8   0x00000118   Code   RO         5060    i.staticDataTrippleTotalPower  menu_routines.o
    0x0800b900   0x0000012c   Code   RO         5061    i.staticData_CT     menu_routines.o
    0x0800ba2c   0x000000c4   Code   RO         5062    i.staticData_VT     menu_routines.o
    0x0800baf0   0x0000013c   Code   RO         5063    i.staticData_comm   menu_routines.o
    0x0800bc2c   0x000000fc   Code   RO         5064    i.staticData_input  menu_routines.o
    0x0800bd28   0x000000c8   Code   RO         5065    i.staticData_output  menu_routines.o
    0x0800bdf0   0x0000006a   Code   RO         5066    i.staticData_reset  menu_routines.o
    0x0800be5a   0x00000002   PAD
    0x0800be5c   0x00000044   Code   RO          282    i.symbol_transfer   lcd_routines.o
    0x0800bea0   0x000000cc   Code   RO         5067    i.toMainDetect      menu_routines.o
    0x0800bf6c   0x0000004c   Code   RO         5068    i.toSettingsDetect  menu_routines.o
    0x0800bfb8   0x00000012   Code   RO         5505    i.ui_limiter        aux_functions.o
    0x0800bfca   0x00000002   PAD
    0x0800bfcc   0x000000b8   Code   RO          283    i.unit_transfer     lcd_routines.o
    0x0800c084   0x00000144   Code   RO         5573    i.vline             graphing_fuctions.o
    0x0800c1c8   0x00000154   Code   RO         5574    i.vline_dotted      graphing_fuctions.o
    0x0800c31c   0x00000090   Code   RO          284    i.write_lcd         lcd_routines.o
    0x0800c3ac   0x0000000e   Data   RO          424    .constdata          lcd_data.o
    0x0800c3ba   0x00000260   Data   RO          433    .constdata          lcd_fonts.o
    0x0800c61a   0x0000006c   Data   RO          434    .constdata          lcd_fonts.o
    0x0800c686   0x0000009f   Data   RO          435    .constdata          lcd_fonts.o
    0x0800c725   0x00000001   PAD
    0x0800c726   0x0000006c   Data   RO          436    .constdata          lcd_fonts.o
    0x0800c792   0x000000a0   Data   RO          437    .constdata          lcd_fonts.o
    0x0800c832   0x000000dc   Data   RO          438    .constdata          lcd_fonts.o
    0x0800c90e   0x00000028   Data   RO          439    .constdata          lcd_fonts.o
    0x0800c936   0x00000026   Data   RO          440    .constdata          lcd_fonts.o
    0x0800c95c   0x0000000c   Data   RO          441    .constdata          lcd_fonts.o
    0x0800c968   0x0000005e   Data   RO          442    .constdata          lcd_fonts.o
    0x0800c9c6   0x00000018   Data   RO          443    .constdata          lcd_fonts.o
    0x0800c9de   0x00000030   Data   RO          444    .constdata          lcd_fonts.o
    0x0800ca0e   0x00000028   Data   RO          445    .constdata          lcd_fonts.o
    0x0800ca36   0x00000020   Data   RO         3842    .constdata          stm32f3xx_hal_rcc.o
    0x0800ca56   0x00000010   Data   RO         5005    .constdata          system_stm32f3xx.o
    0x0800ca66   0x00000008   Data   RO         5006    .constdata          system_stm32f3xx.o
    0x0800ca6e   0x00000002   PAD
    0x0800ca70   0x0000003c   Data   RO         5069    .constdata          menu_routines.o
    0x0800caac   0x000001fe   Data   RO         5260    .constdata          menu_init.o
    0x0800ccaa   0x00000002   PAD
    0x0800ccac   0x00000020   Data   RO         6017    .constdata          m_wm.l(rredf.o)
    0x0800cccc   0x00000030   Data   RO         6043    Region$$Table       anon$$obj.o


    Execution Region RW_IRAM1 (Base: 0x20000000, Size: 0x00005b98, Max: 0x00006000, ABSOLUTE, COMPRESSED[0x000004ec])

    Base Addr    Size         Type   Attr      Idx    E Section Name        Object

    0x20000000   0x0000000a   Ven    RO         6059    Veneer$$Code        anon$$obj.o
    0x2000000a   0x0000000a   Ven    RO         6060    Veneer$$Code        anon$$obj.o
    0x20000014   0x0000000a   Ven    RO         6061    Veneer$$Code        anon$$obj.o
    0x2000001e   0x0000000a   Ven    RO         6062    Veneer$$Code        anon$$obj.o
    0x20000028   0x0000000a   Ven    RO         6063    Veneer$$Code        anon$$obj.o
    0x20000032   0x0000000a   Ven    RO         6064    Veneer$$Code        anon$$obj.o
    0x2000003c   0x0000000a   Ven    RO         6065    Veneer$$Code        anon$$obj.o
    0x20000046   0x0000000a   Ven    RO         6066    Veneer$$Code        anon$$obj.o
    0x20000050   0x0000000a   Ven    RO         6067    Veneer$$Code        anon$$obj.o
    0x2000005a   0x0000000a   Ven    RO         6068    Veneer$$Code        anon$$obj.o
    0x20000064   0x0000000a   Ven    RO         6069    Veneer$$Code        anon$$obj.o
    0x2000006e   0x0000000a   Ven    RO         6070    Veneer$$Code        anon$$obj.o
    0x20000078   0x0000000a   Ven    RO         6071    Veneer$$Code        anon$$obj.o
    0x20000082   0x0000000a   Ven    RO         6072    Veneer$$Code        anon$$obj.o
    0x2000008c   0x000001d4   Code   RO           13    i.HAL_ADC_ConvCpltCallback  converison.o
    0x20000260   0x0000005c   Code   RO           14    i.HAL_SDADC_CalibrationCpltCallback  converison.o
    0x200002bc   0x00000080   Code   RO           15    i.HAL_SDADC_InjectedConvCpltCallback  converison.o
    0x2000033c   0x00000130   Code   RO         5326    i.bin_magnitudes    measurement_functions.o
    0x2000046c   0x00000064   Code   RO         5327    i.energy_accumulator  measurement_functions.o
    0x200004d0   0x0000056c   Code   RO         5328    i.energy_calculations  measurement_functions.o
    0x20000a3c   0x0000019c   Code   RO         5329    i.fund_RMS          measurement_functions.o
    0x20000bd8   0x000000d0   Code   RO         5330    i.harmonics_routine  measurement_functions.o
    0x20000ca8   0x000000f0   Code   RO           16    i.init_conversion   converison.o
    0x20000d98   0x000000a2   Code   RO         5331    i.iq_generation     measurement_functions.o
    0x20000e3a   0x00000002   PAD
    0x20000e3c   0x0000019c   Code   RO         5440    i.measurement_routines  measurement_routines.o
    0x20000fd8   0x00000078   Code   RO         5332    i.offline_calculations  measurement_functions.o
    0x20001050   0x00000034   Code   RO          221    i.offset_cancellation  prefilter.o
    0x20001084   0x00000016   Code   RO          239    i.pDiffer           phasecompensation.o
    0x2000109a   0x00000002   PAD
    0x2000109c   0x00000104   Code   RO          240    i.pLagDef           phasecompensation.o
    0x200011a0   0x0000002c   Code   RO         5301    i.pfilter           measurement_data.o
    0x200011cc   0x00000024   Code   RO         5333    i.phaseDetect       measurement_functions.o
    0x200011f0   0x00000264   Code   RO         5334    i.power_calculations_iq  measurement_functions.o
    0x20001454   0x00000056   Code   RO         5336    i.signal_spectra    measurement_functions.o
    0x200014aa   0x00000002   PAD
    0x200014ac   0x00000244   Code   RO         5338    i.symmetrical_components  measurement_functions.o
    0x200016f0   0x00000210   Code   RO         5340    i.true_RMS          measurement_functions.o
    0x20001900   0x00000014   Data   RO         5302    .constdata          measurement_data.o
    0x20001914   0x00000014   Data   RO         5303    .constdata          measurement_data.o
    0x20001928   0x000000c8   Data   RO         5304    .constdata          measurement_data.o
    0x200019f0   0x000000c8   Data   RO         5305    .constdata          measurement_data.o
    0x20001ab8   0x00000024   Data   RW           19    .data               converison.o
    0x20001adc   0x00000004   Data   RW           21    .data               converison.o
    0x20001ae0   0x00000004   Data   RW           22    .data               converison.o
    0x20001ae4   0x00000018   Data   RW          469    .data               main.o
    0x20001afc   0x00000001   Data   RW          475    .data               main.o
    0x20001afd   0x00000003   PAD
    0x20001b00   0x0000000c   Data   RW          920    .data               stm32f3xx_it.o
    0x20001b0c   0x00000004   Data   RW         3697    .data               stm32f3xx_hal.o
    0x20001b10   0x00000004   Data   RW         5007    .data               system_stm32f3xx.o
    0x20001b14   0x000000c3   Data   RW         5070    .data               menu_routines.o
    0x20001bd7   0x00000001   Data   RW         5261    .data               menu_init.o
    0x20001bd8   0x00000001   Data   RW         5262    .data               menu_init.o
    0x20001bd9   0x00000001   Data   RW         5263    .data               menu_init.o
    0x20001bda   0x00000001   Data   RW         5264    .data               menu_init.o
    0x20001bdb   0x0000017c   Data   RW         5266    .data               menu_init.o
    0x20001d57   0x00000001   PAD
    0x20001d58   0x00000a90   Data   RW         5267    .data               menu_init.o
    0x200027e8   0x0000008c   Data   RW         5268    .data               menu_init.o
    0x20002874   0x00000024   Data   RW         5342    .data               measurement_functions.o
    0x20002898   0x00000001   Data   RW         5468    .data               pb_handling.o
    0x20002899   0x00000001   Data   RW         5469    .data               pb_handling.o
    0x2000289a   0x00000002   Data   RW         5506    .data               aux_functions.o
    0x2000289c   0x00000007   Data   RW         5578    .data               graphing_fuctions.o
    0x200028a3   0x00000001   PAD
    0x200028a4   0x00000008   Data   RW         5675    .data               flashdatahandling.o
    0x200028ac   0x0000001c   Data   RW         5759    .data               ios.o
    0x200028c8   0x00000001   Data   RW         5797    .data               record.o
    0x200028c9   0x00000003   PAD
    0x200028cc   0x00000014   Data   RW         5840    .data               modbus_rtu_slave.o
    0x200028e0   0x00000004   Data   RW         6036    .data               mc_w.l(errno.o)
    0x200028e4   0x00000084   Zero   RW           18    .bss                converison.o
    0x20002968   0x00000030   Zero   RW          222    .bss                prefilter.o
    0x20002998   0x00000400   Zero   RW          423    .bss                lcd_data.o
    0x20002d98   0x000001f4   Zero   RW          468    .bss                main.o
    0x20002f8c   0x00000074   Zero   RW          577    .bss                adc.o
    0x20003000   0x00000020   Zero   RW          643    .bss                rtc.o
    0x20003020   0x000000cc   Zero   RW          687    .bss                sdadc.o
    0x200030ec   0x000000c8   Zero   RW          740    .bss                spi.o
    0x200031b4   0x000000c0   Zero   RW          792    .bss                tim.o
    0x20003274   0x000000e0   Zero   RW          860    .bss                usart.o
    0x20003354   0x00000004   PAD
    0x20003358   0x00000020   Zero   RW         4416    .bss                stm32f3xx_hal_flash.o
    0x20003378   0x0000001c   Zero   RW         5255    .bss                menu_init.o
    0x20003394   0x0000001c   Zero   RW         5256    .bss                menu_init.o
    0x200033b0   0x00000a90   Zero   RW         5257    .bss                menu_init.o
    0x20003e40   0x00000028   Zero   RW         5258    .bss                menu_init.o
    0x20003e68   0x00000028   Zero   RW         5259    .bss                menu_init.o
    0x20003e90   0x0000010c   Zero   RW         5341    .bss                measurement_functions.o
    0x20003f9c   0x000002a4   Zero   RW         5441    .bss                measurement_routines.o
    0x20004240   0x00000a50   Zero   RW         5442    .bss                measurement_routines.o
    0x20004c90   0x00000018   Zero   RW         5443    .bss                measurement_routines.o
    0x20004ca8   0x00000050   Zero   RW         5444    .bss                measurement_routines.o
    0x20004cf8   0x00000014   Zero   RW         5467    .bss                pb_handling.o
    0x20004d0c   0x00000190   Zero   RW         5575    .bss                graphing_fuctions.o
    0x20004e9c   0x000001e0   Zero   RW         5576    .bss                graphing_fuctions.o
    0x2000507c   0x0000000c   Zero   RW         5674    .bss                flashdatahandling.o
    0x20005088   0x00000014   Zero   RW         5757    .bss                ios.o
    0x2000509c   0x000002e0   Zero   RW         5796    .bss                record.o
    0x2000537c   0x0000041c   Zero   RW         5832    .bss                modbus_rtu_slave.o
    0x20005798   0x00000400   Zero   RW            1    STACK               startup_stm32f373xc.o


==============================================================================

Image component sizes


      Code (inc. data)   RO Data    RW Data    ZI Data      Debug   Object Name

       400         60          0          0        116       2023   adc.o
       428          6          0          2          0       7348   aux_functions.o
       928        102          0         44        132     574186   converison.o
        44          4          0          0          0        794   dma.o
       356         66          0          8         12       8771   flashdatahandling.o
       332         22          0          0          0       1127   gpio.o
      2340        162          0          7        880       9956   graphing_fuctions.o
       562         58          0         28         20       3212   ios.o
         0          0         14          0       1024        606   lcd_data.o
         0          0       1659          0          0       1383   lcd_fonts.o
      1732        168          0          0          0      19176   lcd_routines.o
       628         90          0         25        500       9544   main.o
        44         10        440          0          0       1391   measurement_data.o
      4536        172          0         36        268      29589   measurement_functions.o
       412         30          0          0       3420       5249   measurement_routines.o
       776         84        510       3228       2840      14709   menu_init.o
     10060        762         60        195          0      38084   menu_routines.o
      1276         82          0         20       1052       6885   modbus_rtu_slave.o
       236         12          0          2         20       6325   pb_handling.o
       282         12          0          0          0       1540   phasecompensation.o
        52         10          0          0         48       1460   prefilter.o
       372         32          0          1        736       1495   record.o
       114         24          0          0         32       1511   rtc.o
       804        102          0          0        204       3521   sdadc.o
       336         62          0          0        200       2394   spi.o
        36          8        392          0       1024        856   startup_stm32f373xc.o
       134         22          0          4          0       3939   stm32f3xx_hal.o
         6          0          0          0          0       2134   stm32f3xx_hal_adc.o
      3470        422          0          0          0      12713   stm32f3xx_hal_adc_ex.o
       558        258          0          0          0      31993   stm32f3xx_hal_cortex.o
      1004        182          0          0          0       4306   stm32f3xx_hal_dma.o
       480        114          0          0         32       4082   stm32f3xx_hal_flash.o
       432         88          0          0          0       2805   stm32f3xx_hal_flash_ex.o
      1076        286          0          0          0       3904   stm32f3xx_hal_gpio.o
       112          6          0          0          0        910   stm32f3xx_hal_msp.o
        16          4          0          0          0        567   stm32f3xx_hal_pwr.o
       124         68          0          0          0       1216   stm32f3xx_hal_pwr_ex.o
      2948        208         32          0          0       6558   stm32f3xx_hal_rcc.o
       924         74          0          0          0       1680   stm32f3xx_hal_rcc_ex.o
       464         56          0          0          0       1781   stm32f3xx_hal_rtc.o
      2790        630          0          0          0      13630   stm32f3xx_hal_sdadc.o
      1460        114          0          0          0       6390   stm32f3xx_hal_spi.o
      6212        902          0          0          0      20297   stm32f3xx_hal_tim.o
       308         62          0          0          0       2526   stm32f3xx_hal_tim_ex.o
      2572        234          0          0          0      10888   stm32f3xx_hal_uart.o
       282         60          0          0          0       2003   stm32f3xx_hal_uart_ex.o
       224         64          0         12          0       8114   stm32f3xx_it.o
       104         20         24          4          0       1223   system_stm32f3xx.o
       612         84          0          0        192       4066   tim.o
       332         62          0          0        224       2463   usart.o

    ----------------------------------------------------------------------
     53990       6160       3184       3624      12980     903323   Object Totals
       200          0         48          0          0          0   (incl. Generated)
        60          0          5          8          4          0   (incl. Padding)

    ----------------------------------------------------------------------

      Code (inc. data)   RO Data    RW Data    ZI Data      Debug   Library Member Name

       592         90          0          0          0        184   atan2f.o
       336         56          0          0          0        136   cosf.o
        38          0          0          0          0        116   fpclassifyf.o
        44         12          0          0          0        464   funder.o
       340         24         32          0          0        160   rredf.o
       400         56          0          0          0        212   sinf.o
        58          0          0          0          0        136   sqrtf.o
        94          0          0          0          0          0   __dclz77c.o
         0          0          0          0          0          0   entry.o
         0          0          0          0          0          0   entry10a.o
         0          0          0          0          0          0   entry11a.o
         8          4          0          0          0          0   entry2.o
         4          0          0          0          0          0   entry5.o
         0          0          0          0          0          0   entry7b.o
         0          0          0          0          0          0   entry8b.o
         8          4          0          0          0          0   entry9a.o
        12          6          0          4          0         68   errno.o
        30          0          0          0          0          0   handlers.o
        36          8          0          0          0         68   init.o
         0          0          0          0          0          0   iusefp.o
        32          0          0          0          0         68   llushr.o
        36          0          0          0          0         68   memcpya.o
        36          0          0          0          0        108   memseta.o

    ----------------------------------------------------------------------
      2110        260         32          4          0       1788   Library Totals
         6          0          0          0          0          0   (incl. Padding)

    ----------------------------------------------------------------------

      Code (inc. data)   RO Data    RW Data    ZI Data      Debug   Library Name

      1808        238         32          0          0       1408   m_wm.l
       296         22          0          4          0        380   mc_w.l

    ----------------------------------------------------------------------
      2110        260         32          4          0       1788   Library Totals

    ----------------------------------------------------------------------

==============================================================================


      Code (inc. data)   RO Data    RW Data    ZI Data      Debug   

     56100       6420       3216       3628      12980     879791   Grand Totals
     56100       6420       3216       1260      12980     879791   ELF Image Totals (compressed)
     56100       6420       3216       1260          0          0   ROM Totals

==============================================================================

    Total RO  Size (Code + RO Data)                59316 (  57.93kB)
    Total RW  Size (RW Data + ZI Data)             16608 (  16.22kB)
    Total ROM Size (Code + RO Data + RW Data)      60576 (  59.16kB)

==============================================================================

